Component: Arm Compiler for Embedded 6.19 Tool: armlink [5e73cb00]

==============================================================================

Small function inlining results

Inlined function __aeabi_idiv0 from idiv0.o at offset 0x160 in aeabi_sdiv.o(.text).
Inlined Instruction: BX       lr
Inlined function __aeabi_idiv0 from idiv0.o at offset 0xc in aeabi_sdiv_div0.o(.text).
Inlined Instruction: BX       lr
Inlined function __aeabi_idiv0 from idiv0.o at offset 0x176 in aeabi_sdiv_div0.o(.text).
Inlined Instruction: BX       lr
Inlined function __aeabi_idiv0 from idiv0.o at offset 0x18 in uidiv_div0.o(.text).
Inlined Instruction: BX       lr
Inlined function __aeabi_idiv0 from idiv0.o at offset 0x42 in idiv_div0.o(.text).
Inlined Instruction: BX       lr
Inlined total of 5 calls.

==============================================================================

Section Cross References

    nubl2_startup.o(.STACK) refers (Special) to retarget.o(.text.SendChar_ToUART) for SendChar_ToUART
    nubl2_startup.o(HEAP) refers (Special) to retarget.o(.text.SendChar_ToUART) for SendChar_ToUART
    nubl2_startup.o(RESET) refers (Special) to retarget.o(.text.SendChar_ToUART) for SendChar_ToUART
    nubl2_startup.o(RESET) refers to nubl2_startup.o(.STACK) for __initial_sp
    nubl2_startup.o(RESET) refers to nubl2_startup.o(.text) for Reset_Handler
    nubl2_startup.o(RESET) refers to fwinfo.o(.rodata.g_InitialFWInfo) for g_InitialFWInfo
    nubl2_startup.o(RESET) refers to verifynubl3x.o(.text.CRPT_IRQHandler) for CRPT_IRQHandler
    nubl2_startup.o(RESET) refers to system_m2354.o(.text.SCU_IRQHandler) for SCU_IRQHandler
    nubl2_startup.o(.text) refers (Special) to retarget.o(.text.SendChar_ToUART) for SendChar_ToUART
    nubl2_startup.o(.text) refers to system_m2354.o(.text.SystemInit) for SystemInit
    nubl2_startup.o(.text) refers to entry.o(.ARM.Collect$$$$00000000) for __main
    nubl2_startup.o(.text) refers to retarget.o(.text.ProcessHardFault) for ProcessHardFault
    nubl2_startup.o(.text) refers to retarget.o(.text.SH_Return) for SH_Return
    system_m2354.o(.text.FMC_NSBA_Setup) refers to system_m2354.o(.text.SYS_UnlockReg) for SYS_UnlockReg
    system_m2354.o(.ARM.exidx.text.FMC_NSBA_Setup) refers to system_m2354.o(.text.FMC_NSBA_Setup) for [Anonymous Symbol]
    system_m2354.o(.ARM.exidx.text.SYS_UnlockReg) refers to system_m2354.o(.text.SYS_UnlockReg) for [Anonymous Symbol]
    system_m2354.o(.text.SCU_Setup) refers to system_m2354.o(.text.__NVIC_EnableIRQ) for __NVIC_EnableIRQ
    system_m2354.o(.ARM.exidx.text.SCU_Setup) refers to system_m2354.o(.text.SCU_Setup) for [Anonymous Symbol]
    system_m2354.o(.ARM.exidx.text.__NVIC_EnableIRQ) refers to system_m2354.o(.text.__NVIC_EnableIRQ) for [Anonymous Symbol]
    system_m2354.o(.text.SCU_IRQHandler) refers to memcpya.o(.text) for __aeabi_memcpy4
    system_m2354.o(.text.SCU_IRQHandler) refers to printfa.o(i.__0printf) for printf
    system_m2354.o(.text.SCU_IRQHandler) refers to system_m2354.o(.rodata..L__const.SCU_IRQHandler.master) for [Anonymous Symbol]
    system_m2354.o(.text.SCU_IRQHandler) refers to system_m2354.o(.rodata..L__const.SCU_IRQHandler.ipname) for [Anonymous Symbol]
    system_m2354.o(.text.SCU_IRQHandler) refers to system_m2354.o(.rodata..L__const.SCU_IRQHandler.info) for [Anonymous Symbol]
    system_m2354.o(.text.SCU_IRQHandler) refers to system_m2354.o(.rodata.str1.1) for [Anonymous Symbol]
    system_m2354.o(.ARM.exidx.text.SCU_IRQHandler) refers to system_m2354.o(.text.SCU_IRQHandler) for [Anonymous Symbol]
    system_m2354.o(.ARM.exidx.text.NSC_Init) refers to system_m2354.o(.text.NSC_Init) for [Anonymous Symbol]
    system_m2354.o(.text.TZ_SAU_Setup) refers to system_m2354.o(.text.NSC_Init) for NSC_Init
    system_m2354.o(.ARM.exidx.text.TZ_SAU_Setup) refers to system_m2354.o(.text.TZ_SAU_Setup) for [Anonymous Symbol]
    system_m2354.o(.text.SystemCoreClockUpdate) refers to anon$$obj.o(Veneer$$CMSE) for CLK_GetPLLClockFreq
    system_m2354.o(.text.SystemCoreClockUpdate) refers to system_m2354.o(.data.PllClock) for PllClock
    system_m2354.o(.text.SystemCoreClockUpdate) refers to system_m2354.o(.data.SystemCoreClock) for SystemCoreClock
    system_m2354.o(.text.SystemCoreClockUpdate) refers to system_m2354.o(.data.CyclesPerUs) for CyclesPerUs
    system_m2354.o(.ARM.exidx.text.SystemCoreClockUpdate) refers to system_m2354.o(.text.SystemCoreClockUpdate) for [Anonymous Symbol]
    system_m2354.o(.text.SystemInit) refers to nubl2_startup.o(.text) for __PC
    system_m2354.o(.text.SystemInit) refers to system_m2354.o(.text.TZ_SAU_Setup) for TZ_SAU_Setup
    system_m2354.o(.text.SystemInit) refers to system_m2354.o(.text.SCU_Setup) for SCU_Setup
    system_m2354.o(.text.SystemInit) refers to system_m2354.o(.text.FMC_NSBA_Setup) for FMC_NSBA_Setup
    system_m2354.o(.text.SystemInit) refers to nubl2_startup.o(RESET) for __Vectors
[...]
    ../fplib/microlib/fpmul.c                0x00000000   Number         0  dmul.o ABSOLUTE
    FwInfo.c                                 0x00000000   Number         0  fwinfo.o ABSOLUTE
    NuBL2_startup.s                          0x00000000   Number         0  nubl2_startup.o ABSOLUTE
    VerifyNuBL3x.c                           0x00000000   Number         0  verifynubl3x.o ABSOLUTE
    cdi.c                                    0x00000000   Number         0  cdi.o ABSOLUTE
    cdrcmple.s                               0x00000000   Number         0  cdrcmple.o ABSOLUTE
    clk.c                                    0x00000000   Number         0  clk.o ABSOLUTE
    crypto.c                                 0x00000000   Number         0  crypto.o ABSOLUTE
    fmc.c                                    0x00000000   Number         0  fmc.o ABSOLUTE
    handlers.s                               0x00000000   Number         0  handlers.o ABSOLUTE
    init.s                                   0x00000000   Number         0  init.o ABSOLUTE
    keystore.c                               0x00000000   Number         0  keystore.o ABSOLUTE
    main.c                                   0x00000000   Number         0  main.o ABSOLUTE
    retarget.c                               0x00000000   Number         0  retarget.o ABSOLUTE
    sys.c                                    0x00000000   Number         0  sys.o ABSOLUTE
    system_M2354.c                           0x00000000   Number         0  system_m2354.o ABSOLUTE
    uart.c                                   0x00000000   Number         0  uart.o ABSOLUTE
    RESET                                    0x00000000   Section      528  nubl2_startup.o(RESET)
    .ARM.Collect$$$$00000000                 0x00000210   Section        0  entry.o(.ARM.Collect$$$$00000000)
    .ARM.Collect$$$$00000001                 0x00000210   Section        4  entry2.o(.ARM.Collect$$$$00000001)
    .ARM.Collect$$$$00000004                 0x00000214   Section        4  entry5.o(.ARM.Collect$$$$00000004)
    .ARM.Collect$$$$00000008                 0x00000218   Section        0  entry7b.o(.ARM.Collect$$$$00000008)
    .ARM.Collect$$$$0000000A                 0x00000218   Section        0  entry8b.o(.ARM.Collect$$$$0000000A)
    .ARM.Collect$$$$0000000B                 0x00000218   Section        8  entry9a.o(.ARM.Collect$$$$0000000B)
    __lit__00000000                          0x00000220   Data           4  entry2.o(.ARM.Collect$$$$00002712)
    .ARM.Collect$$$$0000000D                 0x00000220   Section        0  entry10a.o(.ARM.Collect$$$$0000000D)
    .ARM.Collect$$$$0000000F                 0x00000220   Section        0  entry11a.o(.ARM.Collect$$$$0000000F)
    .ARM.Collect$$$$00002712                 0x00000220   Section        4  entry2.o(.ARM.Collect$$$$00002712)
    .text                                    0x00000224   Section      104  nubl2_startup.o(.text)
    SPD_Next                                 0x0000026b   Thumb Code     0  nubl2_startup.o(.text)
    .text                                    0x0000028c   Section        0  memcpya.o(.text)
    .text                                    0x000002b0   Section        0  memseta.o(.text)
    .text                                    0x000002d4   Section        0  strlen.o(.text)
    .text                                    0x000002e2   Section        0  memcmp.o(.text)
    .text                                    0x000002fc   Section        0  strcasecmp.o(.text)
    .text                                    0x00000322   Section        0  uldiv.o(.text)
    .text                                    0x00000382   Section        0  tolower.o(.text)
    .text                                    0x0000038e   Section        0  iusefp.o(.text)
    .text                                    0x00000390   Section        0  dadd.o(.text)
    .text                                    0x000004f4   Section        0  dmul.o(.text)
    .text                                    0x000005c4   Section        0  ddiv.o(.text)
    .text                                    0x000006b4   Section        0  dfixul.o(.text)
    .text                                    0x000006f4   Section       40  cdrcmple.o(.text)
    .text                                    0x0000071c   Section       36  init.o(.text)
    .text                                    0x00000740   Section        0  uidiv_div0.o(.text)
    .text                                    0x0000077e   Section        0  llshl.o(.text)
    .text                                    0x0000079e   Section        0  llushr.o(.text)
    .text                                    0x000007c0   Section        0  llsshr.o(.text)
    .text                                    0x000007e6   Section        0  depilogue.o(.text)
    BytesSwap                                0x000008a5   Thumb Code    84  verifynubl3x.o(.text.BytesSwap)
    [Anonymous Symbol]                       0x000008a4   Section        0  verifynubl3x.o(.text.BytesSwap)
    [Anonymous Symbol]                       0x000008f8   Section        0  cdi.o(.text.CDI_Cal)
    [Anonymous Symbol]                       0x0000094c   Section        0  clk.o(.text.CLK_EnableModuleClock)
    __arm_cp.18_0                            0x00000980   Number         4  clk.o(.text.CLK_EnableModuleClock)
    [Anonymous Symbol]                       0x00000984   Section        0  clk.o(.text.CLK_EnablePLL)
    __arm_cp.12_3                            0x00000b34   Number         4  clk.o(.text.CLK_EnablePLL)
    __arm_cp.12_4                            0x00000b38   Number         4  clk.o(.text.CLK_EnablePLL)
    __arm_cp.12_5                            0x00000b3c   Number         4  clk.o(.text.CLK_EnablePLL)
    __arm_cp.12_6                            0x00000b40   Number         4  clk.o(.text.CLK_EnablePLL)
    __arm_cp.12_7                            0x00000b44   Number         4  clk.o(.text.CLK_EnablePLL)
    __arm_cp.12_8                            0x00000b48   Number         4  clk.o(.text.CLK_EnablePLL)
    __arm_cp.12_9                            0x00000b4c   Number         4  clk.o(.text.CLK_EnablePLL)
    __arm_cp.12_10                           0x00000b50   Number         4  clk.o(.text.CLK_EnablePLL)
    __arm_cp.12_11                           0x00000b54   Number         4  clk.o(.text.CLK_EnablePLL)
    __arm_cp.12_12                           0x00000b58   Number         4  clk.o(.text.CLK_EnablePLL)
    [Anonymous Symbol]                       0x00000b5c   Section        0  clk.o(.text.CLK_EnableXtalRC)
    [Anonymous Symbol]                       0x00000b70   Section        0  clk.o(.text.CLK_GetCPUFreq)
    __arm_cp.9_0                             0x00000cc8   Number         4  clk.o(.text.CLK_GetCPUFreq)
    __arm_cp.9_1                             0x00000ccc   Number         4  clk.o(.text.CLK_GetCPUFreq)
    __arm_cp.9_3                             0x00000cd0   Number         4  clk.o(.text.CLK_GetCPUFreq)
    __arm_cp.9_5                             0x00000cd4   Number         4  clk.o(.text.CLK_GetCPUFreq)
    __arm_cp.9_6                             0x00000cd8   Number         4  clk.o(.text.CLK_GetCPUFreq)
    __arm_cp.9_11                            0x00000cdc   Number         4  clk.o(.text.CLK_GetCPUFreq)
    __arm_cp.9_12                            0x00000ce0   Number         4  clk.o(.text.CLK_GetCPUFreq)
    __arm_cp.9_13                            0x00000ce4   Number         4  clk.o(.text.CLK_GetCPUFreq)
    [Anonymous Symbol]                       0x00000ce8   Section        0  clk.o(.text.CLK_GetHCLKFreq)
    [Anonymous Symbol]                       0x00000d08   Section        0  clk.o(.text.CLK_GetHXTFreq)
    __arm_cp.4_0                             0x00000d3c   Number         4  clk.o(.text.CLK_GetHXTFreq)
    __arm_cp.4_1                             0x00000d40   Number         4  clk.o(.text.CLK_GetHXTFreq)
    [Anonymous Symbol]                       0x00000d44   Section        0  clk.o(.text.CLK_GetLXTFreq)
    __arm_cp.5_0                             0x00000d7c   Number         4  clk.o(.text.CLK_GetLXTFreq)
    [Anonymous Symbol]                       0x00000d80   Section        0  clk.o(.text.CLK_GetModuleClockDivider)
    __arm_cp.29_0                            0x00000de0   Number         4  clk.o(.text.CLK_GetModuleClockDivider)
    [Anonymous Symbol]                       0x00000de4   Section        0  clk.o(.text.CLK_GetModuleClockSource)
    __arm_cp.28_0                            0x00000ef4   Number         4  clk.o(.text.CLK_GetModuleClockSource)
    __arm_cp.28_1                            0x00000ef8   Number         4  clk.o(.text.CLK_GetModuleClockSource)
    __arm_cp.28_2                            0x00000efc   Number         4  clk.o(.text.CLK_GetModuleClockSource)
    __arm_cp.28_3                            0x00000f00   Number         4  clk.o(.text.CLK_GetModuleClockSource)
    __arm_cp.28_4                            0x00000f04   Number         4  clk.o(.text.CLK_GetModuleClockSource)
    __arm_cp.28_5                            0x00000f08   Number         4  clk.o(.text.CLK_GetModuleClockSource)
    __arm_cp.28_6                            0x00000f0c   Number         4  clk.o(.text.CLK_GetModuleClockSource)
    __arm_cp.28_7                            0x00000f10   Number         4  clk.o(.text.CLK_GetModuleClockSource)
    __arm_cp.28_8                            0x00000f14   Number         4  clk.o(.text.CLK_GetModuleClockSource)
    [Anonymous Symbol]                       0x00000f18   Section        0  clk.o(.text.CLK_GetPCLK0Freq)
    [Anonymous Symbol]                       0x00000f38   Section        0  clk.o(.text.CLK_GetPCLK1Freq)
    __arm_cp.8_0                             0x00000f58   Number         4  clk.o(.text.CLK_GetPCLK1Freq)
    [Anonymous Symbol]                       0x00000f5c   Section        0  clk.o(.text.CLK_GetPLLClockFreq)
    __arm_cp.27_0                            0x00000ffc   Number         4  clk.o(.text.CLK_GetPLLClockFreq)
    __arm_cp.27_1                            0x00001000   Number         4  clk.o(.text.CLK_GetPLLClockFreq)
    __arm_cp.27_2                            0x00001004   Number         4  clk.o(.text.CLK_GetPLLClockFreq)
    __arm_cp.27_3                            0x00001008   Number         4  clk.o(.text.CLK_GetPLLClockFreq)
    [Anonymous Symbol]                       0x0000100c   Section        0  clk.o(.text.CLK_SetCoreClock)
    __arm_cp.10_1                            0x000010b0   Number         4  clk.o(.text.CLK_SetCoreClock)
    __arm_cp.10_2                            0x000010b4   Number         4  clk.o(.text.CLK_SetCoreClock)
    __arm_cp.10_3                            0x000010b8   Number         4  clk.o(.text.CLK_SetCoreClock)
    __arm_cp.10_4                            0x000010bc   Number         4  clk.o(.text.CLK_SetCoreClock)
    __arm_cp.10_5                            0x000010c0   Number         4  clk.o(.text.CLK_SetCoreClock)
    __arm_cp.10_7                            0x000010c4   Number         4  clk.o(.text.CLK_SetCoreClock)
    [Anonymous Symbol]                       0x000010c8   Section        0  clk.o(.text.CLK_SetHCLK)
    __arm_cp.13_0                            0x0000129c   Number         4  clk.o(.text.CLK_SetHCLK)
    __arm_cp.13_1                            0x000012a0   Number         4  clk.o(.text.CLK_SetHCLK)
    __arm_cp.13_2                            0x000012a4   Number         4  clk.o(.text.CLK_SetHCLK)
    __arm_cp.13_3                            0x000012a8   Number         4  clk.o(.text.CLK_SetHCLK)
    __arm_cp.13_4                            0x000012ac   Number         4  clk.o(.text.CLK_SetHCLK)
    __arm_cp.13_5                            0x000012b0   Number         4  clk.o(.text.CLK_SetHCLK)
    __arm_cp.13_6                            0x000012b4   Number         4  clk.o(.text.CLK_SetHCLK)
    __arm_cp.13_8                            0x000012b8   Number         4  clk.o(.text.CLK_SetHCLK)
    __arm_cp.13_9                            0x000012bc   Number         4  clk.o(.text.CLK_SetHCLK)
    __arm_cp.13_10                           0x000012c0   Number         4  clk.o(.text.CLK_SetHCLK)
    __arm_cp.13_11                           0x000012c4   Number         4  clk.o(.text.CLK_SetHCLK)
    __arm_cp.13_12                           0x000012c8   Number         4  clk.o(.text.CLK_SetHCLK)
    __arm_cp.13_13                           0x000012cc   Number         4  clk.o(.text.CLK_SetHCLK)
    __arm_cp.13_14                           0x000012d0   Number         4  clk.o(.text.CLK_SetHCLK)
    __arm_cp.13_15                           0x000012d4   Number         4  clk.o(.text.CLK_SetHCLK)
    __arm_cp.13_16                           0x000012d8   Number         4  clk.o(.text.CLK_SetHCLK)
    __arm_cp.13_17                           0x000012dc   Number         4  clk.o(.text.CLK_SetHCLK)
    [Anonymous Symbol]                       0x000012e0   Section        0  clk.o(.text.CLK_SetModuleClock)
    __arm_cp.14_0                            0x000013c4   Number         4  clk.o(.text.CLK_SetModuleClock)
    __arm_cp.14_1                            0x000013c8   Number         4  clk.o(.text.CLK_SetModuleClock)
    __arm_cp.14_2                            0x000013cc   Number         4  clk.o(.text.CLK_SetModuleClock)
    __arm_cp.14_3                            0x000013d0   Number         4  clk.o(.text.CLK_SetModuleClock)
    __arm_cp.14_4                            0x000013d4   Number         4  clk.o(.text.CLK_SetModuleClock)
    [Anonymous Symbol]                       0x000013d8   Section        0  clk.o(.text.CLK_WaitClockReady)
    __arm_cp.11_0                            0x00001410   Number         4  clk.o(.text.CLK_WaitClockReady)
    __arm_cp.11_1                            0x00001414   Number         4  clk.o(.text.CLK_WaitClockReady)
    [Anonymous Symbol]                       0x00001418   Section        0  verifynubl3x.o(.text.CRPT_IRQHandler)
    [Anonymous Symbol]                       0x00001424   Section        0  crypto.o(.text.CRPT_Reg2Hex)
    [Anonymous Symbol]                       0x0000143c   Section        0  verifynubl3x.o(.text.Cal_SHA512_Flash)
    __arm_cp.1_0                             0x0000152c   Number         4  verifynubl3x.o(.text.Cal_SHA512_Flash)
    __arm_cp.1_1                             0x00001530   Number         4  verifynubl3x.o(.text.Cal_SHA512_Flash)
    __arm_cp.1_2                             0x00001534   Number         4  verifynubl3x.o(.text.Cal_SHA512_Flash)
    __arm_cp.1_3                             0x00001538   Number         4  verifynubl3x.o(.text.Cal_SHA512_Flash)
    __arm_cp.1_4                             0x0000153c   Number         4  verifynubl3x.o(.text.Cal_SHA512_Flash)
    __arm_cp.1_5                             0x00001540   Number         4  verifynubl3x.o(.text.Cal_SHA512_Flash)
    __arm_cp.1_6                             0x00001544   Number         4  verifynubl3x.o(.text.Cal_SHA512_Flash)
    [Anonymous Symbol]                       0x00001548   Section        0  verifynubl3x.o(.text.Cal_SHA512_SRAM)
    __arm_cp.2_0                             0x000015bc   Number         4  verifynubl3x.o(.text.Cal_SHA512_SRAM)
    __arm_cp.2_1                             0x000015c0   Number         4  verifynubl3x.o(.text.Cal_SHA512_SRAM)
    __arm_cp.2_2                             0x000015c4   Number         4  verifynubl3x.o(.text.Cal_SHA512_SRAM)
    CheckROTPKStatus                         0x000015c9   Thumb Code   172  main.o(.text.CheckROTPKStatus)
    [Anonymous Symbol]                       0x000015c8   Section        0  main.o(.text.CheckROTPKStatus)
    __arm_cp.6_0                             0x00001674   Number         4  main.o(.text.CheckROTPKStatus)
    __arm_cp.6_1                             0x00001678   Number         4  main.o(.text.CheckROTPKStatus)
    __arm_cp.6_2                             0x0000167c   Number         4  main.o(.text.CheckROTPKStatus)
    __arm_cp.6_3                             0x00001680   Number         4  main.o(.text.CheckROTPKStatus)
    __arm_cp.6_4                             0x00001684   Number         4  main.o(.text.CheckROTPKStatus)
    __arm_cp.6_5                             0x00001688   Number         4  main.o(.text.CheckROTPKStatus)
    __arm_cp.6_6                             0x0000168c   Number         4  main.o(.text.CheckROTPKStatus)
    __arm_cp.6_7                             0x00001690   Number         4  main.o(.text.CheckROTPKStatus)
    __arm_cp.6_8                             0x00001694   Number         4  main.o(.text.CheckROTPKStatus)
    [Anonymous Symbol]                       0x00001698   Section        0  crypto.o(.text.ECC_DriverISR)
    __arm_cp.13_0                            0x000016d4   Number         4  crypto.o(.text.ECC_DriverISR)
    __arm_cp.13_1                            0x000016d8   Number         4  crypto.o(.text.ECC_DriverISR)
    [Anonymous Symbol]                       0x000016dc   Section        0  crypto.o(.text.ECC_VerifySignature)
    __arm_cp.33_0                            0x00001b74   Number         4  crypto.o(.text.ECC_VerifySignature)
    __arm_cp.33_1                            0x00001b78   Number         4  crypto.o(.text.ECC_VerifySignature)
    __arm_cp.33_2                            0x00001b7c   Number         4  crypto.o(.text.ECC_VerifySignature)
    __arm_cp.33_3                            0x00001b80   Number         4  crypto.o(.text.ECC_VerifySignature)
    __arm_cp.33_4                            0x00001b84   Number         4  crypto.o(.text.ECC_VerifySignature)
    [Anonymous Symbol]                       0x00001b88   Section        0  system_m2354.o(.text.FMC_NSBA_Setup)
    __arm_cp.0_0                             0x00001c0c   Number         4  system_m2354.o(.text.FMC_NSBA_Setup)
    __arm_cp.0_3                             0x00001c10   Number         4  system_m2354.o(.text.FMC_NSBA_Setup)
    __arm_cp.0_7                             0x00001c14   Number         4  system_m2354.o(.text.FMC_NSBA_Setup)
    [Anonymous Symbol]                       0x00001c18   Section        0  fmc.o(.text.FMC_Open)
    __arm_cp.10_0                            0x00001c40   Number         4  fmc.o(.text.FMC_Open)
    __arm_cp.10_1                            0x00001c44   Number         4  fmc.o(.text.FMC_Open)
    [Anonymous Symbol]                       0x00001c48   Section        0  fmc.o(.text.FMC_Read)
    __arm_cp.11_1                            0x00001d18   Number         4  fmc.o(.text.FMC_Read)
    __arm_cp.11_3                            0x00001d1c   Number         4  fmc.o(.text.FMC_Read)
    __arm_cp.11_5                            0x00001d20   Number         4  fmc.o(.text.FMC_Read)
    __arm_cp.11_8                            0x00001d24   Number         4  fmc.o(.text.FMC_Read)
    __arm_cp.11_9                            0x00001d28   Number         4  fmc.o(.text.FMC_Read)
    FMC_SetVectorPageAddr                    0x00001d2d   Thumb Code    84  main.o(.text.FMC_SetVectorPageAddr)
    [Anonymous Symbol]                       0x00001d2c   Section        0  main.o(.text.FMC_SetVectorPageAddr)
    __arm_cp.7_1                             0x00001d80   Number         4  main.o(.text.FMC_SetVectorPageAddr)
    __arm_cp.7_2                             0x00001d84   Number         4  main.o(.text.FMC_SetVectorPageAddr)
    __arm_cp.7_3                             0x00001d88   Number         4  main.o(.text.FMC_SetVectorPageAddr)
    __arm_cp.7_4                             0x00001d8c   Number         4  main.o(.text.FMC_SetVectorPageAddr)
    [Anonymous Symbol]                       0x00001d90   Section        0  retarget.o(.text.GetChar)
    __arm_cp.6_0                             0x00001da8   Number         4  retarget.o(.text.GetChar)
    __arm_cp.6_1                             0x00001dac   Number         4  retarget.o(.text.GetChar)
    Hex2Reg                                  0x00001db1   Thumb Code   150  crypto.o(.text.Hex2Reg)
    [Anonymous Symbol]                       0x00001db0   Section        0  crypto.o(.text.Hex2Reg)
    [Anonymous Symbol]                       0x00001e48   Section        0  keystore.o(.text.KS_Open)
    [Anonymous Symbol]                       0x00001ee4   Section        0  keystore.o(.text.KS_Read)
    __arm_cp.1_3                             0x00001fe0   Number         4  keystore.o(.text.KS_Read)
    [Anonymous Symbol]                       0x00001fe4   Section        0  keystore.o(.text.KS_WriteOTP)
    __arm_cp.9_0                             0x00002110   Number         4  keystore.o(.text.KS_WriteOTP)
    __arm_cp.9_1                             0x00002114   Number         4  keystore.o(.text.KS_WriteOTP)
    __arm_cp.9_2                             0x00002118   Number         4  keystore.o(.text.KS_WriteOTP)
    __arm_cp.9_3                             0x0000211c   Number         4  keystore.o(.text.KS_WriteOTP)
    __arm_cp.9_4                             0x00002120   Number         4  keystore.o(.text.KS_WriteOTP)
    __arm_cp.9_5                             0x00002124   Number         4  keystore.o(.text.KS_WriteOTP)
    __arm_cp.9_6                             0x00002128   Number         4  keystore.o(.text.KS_WriteOTP)
    __arm_cp.9_7                             0x0000212c   Number         4  keystore.o(.text.KS_WriteOTP)
    [Anonymous Symbol]                       0x00002130   Section        0  system_m2354.o(.text.NSC_Init)
    __arm_cp.5_0                             0x00002160   Number         4  system_m2354.o(.text.NSC_Init)
    __arm_cp.5_1                             0x00002164   Number         4  system_m2354.o(.text.NSC_Init)
    __arm_cp.5_2                             0x00002168   Number         4  system_m2354.o(.text.NSC_Init)
    __arm_cp.5_3                             0x0000216c   Number         4  system_m2354.o(.text.NSC_Init)
    __arm_cp.5_4                             0x00002170   Number         4  system_m2354.o(.text.NSC_Init)
    [Anonymous Symbol]                       0x00002174   Section        0  main.o(.text.NuBL32_CDI)
    __arm_cp.2_0                             0x00002320   Number         4  main.o(.text.NuBL32_CDI)
    __arm_cp.2_1                             0x00002324   Number         4  main.o(.text.NuBL32_CDI)
    __arm_cp.2_2                             0x00002328   Number         4  main.o(.text.NuBL32_CDI)
    __arm_cp.2_3                             0x0000232c   Number         4  main.o(.text.NuBL32_CDI)
    __arm_cp.2_4                             0x00002330   Number         4  main.o(.text.NuBL32_CDI)
    __arm_cp.2_5                             0x00002334   Number         4  main.o(.text.NuBL32_CDI)
    __arm_cp.2_6                             0x00002338   Number         4  main.o(.text.NuBL32_CDI)
    __arm_cp.2_7                             0x0000233c   Number         4  main.o(.text.NuBL32_CDI)
    __arm_cp.2_8                             0x00002340   Number         4  main.o(.text.NuBL32_CDI)
    __arm_cp.2_9                             0x00002344   Number         4  main.o(.text.NuBL32_CDI)
    __arm_cp.2_10                            0x00002348   Number         4  main.o(.text.NuBL32_CDI)
    [Anonymous Symbol]                       0x0000234c   Section        0  retarget.o(.text.ProcessHardFault)
    __arm_cp.2_0                             0x0000267c   Number         4  retarget.o(.text.ProcessHardFault)
    __arm_cp.2_1                             0x00002680   Number         4  retarget.o(.text.ProcessHardFault)
    __arm_cp.2_2                             0x00002684   Number         4  retarget.o(.text.ProcessHardFault)
    __arm_cp.2_3                             0x00002688   Number         4  retarget.o(.text.ProcessHardFault)
    __arm_cp.2_4                             0x0000268c   Number         4  retarget.o(.text.ProcessHardFault)
    __arm_cp.2_5                             0x00002690   Number         4  retarget.o(.text.ProcessHardFault)
    __arm_cp.2_6                             0x00002694   Number         4  retarget.o(.text.ProcessHardFault)
    __arm_cp.2_7                             0x00002698   Number         4  retarget.o(.text.ProcessHardFault)
    __arm_cp.2_8                             0x0000269c   Number         4  retarget.o(.text.ProcessHardFault)
    __arm_cp.2_9                             0x000026a0   Number         4  retarget.o(.text.ProcessHardFault)
    __arm_cp.2_10                            0x000026a4   Number         4  retarget.o(.text.ProcessHardFault)
    __arm_cp.2_11                            0x000026a8   Number         4  retarget.o(.text.ProcessHardFault)
    __arm_cp.2_12                            0x000026ac   Number         4  retarget.o(.text.ProcessHardFault)
    __arm_cp.2_13                            0x000026b0   Number         4  retarget.o(.text.ProcessHardFault)
    __arm_cp.2_15                            0x000026b4   Number         4  retarget.o(.text.ProcessHardFault)
    __arm_cp.2_16                            0x000026b8   Number         4  retarget.o(.text.ProcessHardFault)
    __arm_cp.2_17                            0x000026bc   Number         4  retarget.o(.text.ProcessHardFault)
    __arm_cp.2_19                            0x000026c0   Number         4  retarget.o(.text.ProcessHardFault)
    __arm_cp.2_21                            0x000026c4   Number         4  retarget.o(.text.ProcessHardFault)
    Reg2Hex                                  0x000026c9   Thumb Code   136  crypto.o(.text.Reg2Hex)
    [Anonymous Symbol]                       0x000026c8   Section        0  crypto.o(.text.Reg2Hex)
    [Anonymous Symbol]                       0x00002750   Section        0  system_m2354.o(.text.SCU_IRQHandler)
    __arm_cp.4_0                             0x00002830   Number         4  system_m2354.o(.text.SCU_IRQHandler)
    __arm_cp.4_1                             0x00002834   Number         4  system_m2354.o(.text.SCU_IRQHandler)
    __arm_cp.4_2                             0x00002838   Number         4  system_m2354.o(.text.SCU_IRQHandler)
    __arm_cp.4_3                             0x0000283c   Number         4  system_m2354.o(.text.SCU_IRQHandler)
    __arm_cp.4_6                             0x00002840   Number         4  system_m2354.o(.text.SCU_IRQHandler)
    __arm_cp.4_7                             0x00002844   Number         4  system_m2354.o(.text.SCU_IRQHandler)
    __arm_cp.4_8                             0x00002848   Number         4  system_m2354.o(.text.SCU_IRQHandler)
    [Anonymous Symbol]                       0x0000284c   Section        0  system_m2354.o(.text.SCU_Setup)
    __arm_cp.2_0                             0x000028dc   Number         4  system_m2354.o(.text.SCU_Setup)
    __arm_cp.2_1                             0x000028e0   Number         4  system_m2354.o(.text.SCU_Setup)
    __arm_cp.2_2                             0x000028e4   Number         4  system_m2354.o(.text.SCU_Setup)
    __arm_cp.2_3                             0x000028e8   Number         4  system_m2354.o(.text.SCU_Setup)
    __arm_cp.2_4                             0x000028ec   Number         4  system_m2354.o(.text.SCU_Setup)
    __arm_cp.2_5                             0x000028f0   Number         4  system_m2354.o(.text.SCU_Setup)
    __arm_cp.2_6                             0x000028f4   Number         4  system_m2354.o(.text.SCU_Setup)
    __arm_cp.2_7                             0x000028f8   Number         4  system_m2354.o(.text.SCU_Setup)
    __arm_cp.2_8                             0x000028fc   Number         4  system_m2354.o(.text.SCU_Setup)
    __arm_cp.2_9                             0x00002900   Number         4  system_m2354.o(.text.SCU_Setup)
    __arm_cp.2_10                            0x00002904   Number         4  system_m2354.o(.text.SCU_Setup)
    __arm_cp.2_11                            0x00002908   Number         4  system_m2354.o(.text.SCU_Setup)
    __arm_cp.2_12                            0x0000290c   Number         4  system_m2354.o(.text.SCU_Setup)
    __arm_cp.2_13                            0x00002910   Number         4  system_m2354.o(.text.SCU_Setup)
    __arm_cp.2_14                            0x00002914   Number         4  system_m2354.o(.text.SCU_Setup)
    __arm_cp.2_15                            0x00002918   Number         4  system_m2354.o(.text.SCU_Setup)
    __arm_cp.2_16                            0x0000291c   Number         4  system_m2354.o(.text.SCU_Setup)
    __arm_cp.2_17                            0x00002920   Number         4  system_m2354.o(.text.SCU_Setup)
    __arm_cp.2_18                            0x00002924   Number         4  system_m2354.o(.text.SCU_Setup)
    SHA512                                   0x00002929   Thumb Code   144  main.o(.text.SHA512)
    [Anonymous Symbol]                       0x00002928   Section        0  main.o(.text.SHA512)
    __arm_cp.3_1                             0x000029b8   Number         4  main.o(.text.SHA512)
    __arm_cp.3_2                             0x000029bc   Number         4  main.o(.text.SHA512)
    __arm_cp.3_3                             0x000029c0   Number         4  main.o(.text.SHA512)
    __arm_cp.3_4                             0x000029c4   Number         4  main.o(.text.SHA512)
    __arm_cp.3_5                             0x000029c8   Number         4  main.o(.text.SHA512)
    __arm_cp.3_6                             0x000029cc   Number         4  main.o(.text.SHA512)
    [Anonymous Symbol]                       0x000029d0   Section        0  crypto.o(.text.SHA_Open)
    [Anonymous Symbol]                       0x00002a02   Section        0  crypto.o(.text.SHA_Read)
    [Anonymous Symbol]                       0x00002a96   Section        0  crypto.o(.text.SHA_SetDMATransfer)
    [Anonymous Symbol]                       0x00002ab6   Section        0  crypto.o(.text.SHA_Start)
    [Anonymous Symbol]                       0x00002ade   Section        0  retarget.o(.text.SH_Return)
    [Anonymous Symbol]                       0x00002aec   Section        0  main.o(.text.SYS_Init)
    __arm_cp.0_0                             0x00002b2c   Number         4  main.o(.text.SYS_Init)
    __arm_cp.0_1                             0x00002b30   Number         4  main.o(.text.SYS_Init)
    __arm_cp.0_2                             0x00002b34   Number         4  main.o(.text.SYS_Init)
    [Anonymous Symbol]                       0x00002b38   Section        0  sys.o(.text.SYS_ResetModule)
    __arm_cp.7_0                             0x00002b80   Number         4  sys.o(.text.SYS_ResetModule)
    __arm_cp.7_1                             0x00002b84   Number         4  sys.o(.text.SYS_ResetModule)
    SYS_UnlockReg                            0x00002b89   Thumb Code    52  system_m2354.o(.text.SYS_UnlockReg)
    [Anonymous Symbol]                       0x00002b88   Section        0  system_m2354.o(.text.SYS_UnlockReg)
    SYS_UnlockReg                            0x00002bbd   Thumb Code    52  main.o(.text.SYS_UnlockReg)
    [Anonymous Symbol]                       0x00002bbc   Section        0  main.o(.text.SYS_UnlockReg)
    __arm_cp.5_0                             0x00002bf0   Number         4  main.o(.text.SYS_UnlockReg)
    [Anonymous Symbol]                       0x00002bf4   Section        0  retarget.o(.text.SendChar)
    [Anonymous Symbol]                       0x00002c04   Section        0  retarget.o(.text.SendChar_ToUART)
    __arm_cp.4_0                             0x00002c44   Number         4  retarget.o(.text.SendChar_ToUART)
    [Anonymous Symbol]                       0x00002c48   Section        0  system_m2354.o(.text.SystemCoreClockUpdate)
    __arm_cp.7_0                             0x00002c70   Number         4  system_m2354.o(.text.SystemCoreClockUpdate)
    __arm_cp.7_1                             0x00002c74   Number         4  system_m2354.o(.text.SystemCoreClockUpdate)
    __arm_cp.7_2                             0x00002c78   Number         4  system_m2354.o(.text.SystemCoreClockUpdate)
    __arm_cp.7_3                             0x00002c7c   Number         4  system_m2354.o(.text.SystemCoreClockUpdate)
    __arm_cp.7_4                             0x00002c80   Number         4  system_m2354.o(.text.SystemCoreClockUpdate)
    [Anonymous Symbol]                       0x00002c84   Section        0  system_m2354.o(.text.SystemInit)
    __arm_cp.8_0                             0x00002cd8   Number         4  system_m2354.o(.text.SystemInit)
    __arm_cp.8_1                             0x00002cdc   Number         4  system_m2354.o(.text.SystemInit)
    __arm_cp.8_2                             0x00002ce0   Number         4  system_m2354.o(.text.SystemInit)
    __arm_cp.8_3                             0x00002ce4   Number         4  system_m2354.o(.text.SystemInit)
    __arm_cp.8_4                             0x00002ce8   Number         4  system_m2354.o(.text.SystemInit)
    __arm_cp.8_5                             0x00002cec   Number         4  system_m2354.o(.text.SystemInit)
    [Anonymous Symbol]                       0x00002cf0   Section        0  system_m2354.o(.text.TZ_SAU_Setup)
    __arm_cp.6_0                             0x00002d3c   Number         4  system_m2354.o(.text.TZ_SAU_Setup)
    __arm_cp.6_1                             0x00002d40   Number         4  system_m2354.o(.text.TZ_SAU_Setup)
    __arm_cp.6_2                             0x00002d44   Number         4  system_m2354.o(.text.TZ_SAU_Setup)
    __arm_cp.6_3                             0x00002d48   Number         4  system_m2354.o(.text.TZ_SAU_Setup)
    __arm_cp.6_4                             0x00002d4c   Number         4  system_m2354.o(.text.TZ_SAU_Setup)
    __arm_cp.6_5                             0x00002d50   Number         4  system_m2354.o(.text.TZ_SAU_Setup)
    __arm_cp.6_6                             0x00002d54   Number         4  system_m2354.o(.text.TZ_SAU_Setup)
    __arm_cp.6_7                             0x00002d58   Number         4  system_m2354.o(.text.TZ_SAU_Setup)
    __arm_cp.6_8                             0x00002d5c   Number         4  system_m2354.o(.text.TZ_SAU_Setup)
    __arm_cp.6_9                             0x00002d60   Number         4  system_m2354.o(.text.TZ_SAU_Setup)
    __arm_cp.6_10                            0x00002d64   Number         4  system_m2354.o(.text.TZ_SAU_Setup)
    __arm_cp.6_11                            0x00002d68   Number         4  system_m2354.o(.text.TZ_SAU_Setup)
    [Anonymous Symbol]                       0x00002d6c   Section        0  main.o(.text.UART_Init)
    __arm_cp.1_0                             0x00002d80   Number         4  main.o(.text.UART_Init)
    [Anonymous Symbol]                       0x00002d84   Section        0  uart.o(.text.UART_Open)
    __arm_cp.6_0                             0x00002f8c   Number         4  uart.o(.text.UART_Open)
    __arm_cp.6_1                             0x00002f90   Number         4  uart.o(.text.UART_Open)
    __arm_cp.6_2                             0x00002f94   Number         4  uart.o(.text.UART_Open)
    __arm_cp.6_3                             0x00002f98   Number         4  uart.o(.text.UART_Open)
    __arm_cp.6_4                             0x00002f9c   Number         4  uart.o(.text.UART_Open)
    __arm_cp.6_5                             0x00002fa0   Number         4  uart.o(.text.UART_Open)
    __arm_cp.6_6                             0x00002fa4   Number         4  uart.o(.text.UART_Open)
    __arm_cp.6_7                             0x00002fa8   Number         4  uart.o(.text.UART_Open)
    __arm_cp.6_8                             0x00002fac   Number         4  uart.o(.text.UART_Open)
    __arm_cp.6_9                             0x00002fb0   Number         4  uart.o(.text.UART_Open)
    __arm_cp.6_10                            0x00002fb4   Number         4  uart.o(.text.UART_Open)
    __arm_cp.6_11                            0x00002fb8   Number         4  uart.o(.text.UART_Open)
    __arm_cp.6_12                            0x00002fbc   Number         4  uart.o(.text.UART_Open)
    __arm_cp.6_13                            0x00002fc0   Number         4  uart.o(.text.UART_Open)
    __arm_cp.6_14                            0x00002fc4   Number         4  uart.o(.text.UART_Open)
    __arm_cp.6_15                            0x00002fc8   Number         4  uart.o(.text.UART_Open)
    __arm_cp.6_16                            0x00002fcc   Number         4  uart.o(.text.UART_Open)
    __arm_cp.6_17                            0x00002fd0   Number         4  uart.o(.text.UART_Open)
    __arm_cp.6_18                            0x00002fd4   Number         4  uart.o(.text.UART_Open)
    __arm_cp.6_19                            0x00002fd8   Number         4  uart.o(.text.UART_Open)
    [Anonymous Symbol]                       0x00002fdc   Section        0  verifynubl3x.o(.text.VerifyNuBL3x)
    __arm_cp.3_0                             0x0000316c   Number         4  verifynubl3x.o(.text.VerifyNuBL3x)
    __NVIC_EnableIRQ                         0x00003171   Thumb Code    40  system_m2354.o(.text.__NVIC_EnableIRQ)
    [Anonymous Symbol]                       0x00003170   Section        0  system_m2354.o(.text.__NVIC_EnableIRQ)
    __NVIC_EnableIRQ                         0x00003199   Thumb Code    40  verifynubl3x.o(.text.__NVIC_EnableIRQ)
    [Anonymous Symbol]                       0x00003198   Section        0  verifynubl3x.o(.text.__NVIC_EnableIRQ)
    __arm_cp.4_0                             0x000031c0   Number         4  verifynubl3x.o(.text.__NVIC_EnableIRQ)
    __NVIC_SystemReset                       0x000031c5   Thumb Code    20  main.o(.text.__NVIC_SystemReset)
    [Anonymous Symbol]                       0x000031c4   Section        0  main.o(.text.__NVIC_SystemReset)
    __arm_cp.8_0                             0x000031d8   Number         4  main.o(.text.__NVIC_SystemReset)
    __arm_cp.8_1                             0x000031dc   Number         4  main.o(.text.__NVIC_SystemReset)
    ch2hex                                   0x000031e1   Thumb Code    74  crypto.o(.text.ch2hex)
    [Anonymous Symbol]                       0x000031e0   Section        0  crypto.o(.text.ch2hex)
    clean_reg                                0x0000322b   Thumb Code    42  crypto.o(.text.clean_reg)
    [Anonymous Symbol]                       0x0000322a   Section        0  crypto.o(.text.clean_reg)
    dump_ecc_reg                             0x00003255   Thumb Code    12  crypto.o(.text.dump_ecc_reg)
    [Anonymous Symbol]                       0x00003254   Section        0  crypto.o(.text.dump_ecc_reg)
    ecc_init_curve                           0x00003261   Thumb Code   536  crypto.o(.text.ecc_init_curve)
    [Anonymous Symbol]                       0x00003260   Section        0  crypto.o(.text.ecc_init_curve)
    __arm_cp.23_0                            0x00003478   Number         4  crypto.o(.text.ecc_init_curve)
    __arm_cp.23_1                            0x0000347c   Number         4  crypto.o(.text.ecc_init_curve)
    __arm_cp.23_2                            0x00003480   Number         4  crypto.o(.text.ecc_init_curve)
    __arm_cp.23_3                            0x00003484   Number         4  crypto.o(.text.ecc_init_curve)
    __arm_cp.23_4                            0x00003488   Number         4  crypto.o(.text.ecc_init_curve)
    __arm_cp.23_5                            0x0000348c   Number         4  crypto.o(.text.ecc_init_curve)
    __arm_cp.23_6                            0x00003490   Number         4  crypto.o(.text.ecc_init_curve)
    __arm_cp.23_7                            0x00003494   Number         4  crypto.o(.text.ecc_init_curve)
    __arm_cp.23_8                            0x00003498   Number         4  crypto.o(.text.ecc_init_curve)
    __arm_cp.23_9                            0x0000349c   Number         4  crypto.o(.text.ecc_init_curve)
    [Anonymous Symbol]                       0x000034a0   Section        0  retarget.o(.text.fgetc)
    [Anonymous Symbol]                       0x000034ae   Section        0  retarget.o(.text.fputc)
    get_Nth_nibble_char                      0x000034c5   Thumb Code    28  crypto.o(.text.get_Nth_nibble_char)
    [Anonymous Symbol]                       0x000034c4   Section        0  crypto.o(.text.get_Nth_nibble_char)
    __arm_cp.48_0                            0x000034e0   Number         4  crypto.o(.text.get_Nth_nibble_char)
    get_curve                                0x000034e5   Thumb Code    96  crypto.o(.text.get_curve)
    [Anonymous Symbol]                       0x000034e4   Section        0  crypto.o(.text.get_curve)
    __arm_cp.20_0                            0x00003544   Number         4  crypto.o(.text.get_curve)
    __arm_cp.20_1                            0x00003548   Number         4  crypto.o(.text.get_curve)
    hmac                                     0x0000354d   Thumb Code   232  cdi.o(.text.hmac)
    [Anonymous Symbol]                       0x0000354c   Section        0  cdi.o(.text.hmac)
    __arm_cp.1_0                             0x00003634   Number         4  cdi.o(.text.hmac)
    __arm_cp.1_1                             0x00003638   Number         4  cdi.o(.text.hmac)
    __arm_cp.1_2                             0x0000363c   Number         4  cdi.o(.text.hmac)
    __arm_cp.1_3                             0x00003640   Number         4  cdi.o(.text.hmac)
    __arm_cp.1_4                             0x00003644   Number         4  cdi.o(.text.hmac)
    __arm_cp.1_6                             0x00003648   Number         4  cdi.o(.text.hmac)
    __arm_cp.1_7                             0x0000364c   Number         4  cdi.o(.text.hmac)
    [Anonymous Symbol]                       0x00003650   Section        0  main.o(.text.main)
    __arm_cp.4_1                             0x0000379c   Number         4  main.o(.text.main)
    __arm_cp.4_2                             0x000037a0   Number         4  main.o(.text.main)
    __arm_cp.4_3                             0x000037a4   Number         4  main.o(.text.main)
    __arm_cp.4_4                             0x000037a8   Number         4  main.o(.text.main)
    __arm_cp.4_5                             0x000037ac   Number         4  main.o(.text.main)
    __arm_cp.4_6                             0x000037b0   Number         4  main.o(.text.main)
    __arm_cp.4_7                             0x000037b4   Number         4  main.o(.text.main)
    __arm_cp.4_8                             0x000037b8   Number         4  main.o(.text.main)
    __arm_cp.4_9                             0x000037bc   Number         4  main.o(.text.main)
    __arm_cp.4_10                            0x000037c0   Number         4  main.o(.text.main)
    __arm_cp.4_11                            0x000037c4   Number         4  main.o(.text.main)
    __arm_cp.4_12                            0x000037c8   Number         4  main.o(.text.main)
    __arm_cp.4_13                            0x000037cc   Number         4  main.o(.text.main)
    __arm_cp.4_14                            0x000037d0   Number         4  main.o(.text.main)
    __arm_cp.4_15                            0x000037d4   Number         4  main.o(.text.main)
    run_ecc_codec                            0x000037d9   Thumb Code   276  crypto.o(.text.run_ecc_codec)
    [Anonymous Symbol]                       0x000037d8   Section        0  crypto.o(.text.run_ecc_codec)
    __arm_cp.31_0                            0x000038ec   Number         4  crypto.o(.text.run_ecc_codec)
    __arm_cp.31_1                            0x000038f0   Number         4  crypto.o(.text.run_ecc_codec)
    __arm_cp.31_2                            0x000038f4   Number         4  crypto.o(.text.run_ecc_codec)
    __arm_cp.31_3                            0x000038f8   Number         4  crypto.o(.text.run_ecc_codec)
    __arm_cp.31_4                            0x000038fc   Number         4  crypto.o(.text.run_ecc_codec)
    __arm_cp.31_5                            0x00003900   Number         4  crypto.o(.text.run_ecc_codec)
    i.__0printf                              0x00003904   Section        0  printfa.o(i.__0printf)
    i.__ARM_clz                              0x00003924   Section        0  depilogue.o(i.__ARM_clz)
    i.__scatterload_copy                     0x00003952   Section       14  handlers.o(i.__scatterload_copy)
    i.__scatterload_null                     0x00003960   Section        2  handlers.o(i.__scatterload_null)
    i.__scatterload_zeroinit                 0x00003962   Section       14  handlers.o(i.__scatterload_zeroinit)
    _fp_digits                               0x00003971   Thumb Code   344  printfa.o(i._fp_digits)
    i._fp_digits                             0x00003970   Section        0  printfa.o(i._fp_digits)
    _printf_core                             0x00003ae5   Thumb Code  1754  printfa.o(i._printf_core)
    i._printf_core                           0x00003ae4   Section        0  printfa.o(i._printf_core)
    _printf_post_padding                     0x000041d1   Thumb Code    32  printfa.o(i._printf_post_padding)
    i._printf_post_padding                   0x000041d0   Section        0  printfa.o(i._printf_post_padding)
    _printf_pre_padding                      0x000041f1   Thumb Code    44  printfa.o(i._printf_pre_padding)
    i._printf_pre_padding                    0x000041f0   Section        0  printfa.o(i._printf_pre_padding)
    i.getc                                   0x0000421c   Section        0  getc.o(i.getc)
    [Anonymous Symbol]                       0x00004224   Section        0  retarget.o(.rodata..L__const.ProcessHardFault.info)
    [Anonymous Symbol]                       0x0000423c   Section        0  retarget.o(.rodata..L__const.ProcessHardFault.ipname)
    [Anonymous Symbol]                       0x00004290   Section        0  retarget.o(.rodata..L__const.ProcessHardFault.master)
    [Anonymous Symbol]                       0x000042c0   Section        0  system_m2354.o(.rodata..L__const.SCU_IRQHandler.info)
    [Anonymous Symbol]                       0x000042d8   Section        0  system_m2354.o(.rodata..L__const.SCU_IRQHandler.ipname)
    [Anonymous Symbol]                       0x0000432c   Section        0  system_m2354.o(.rodata..L__const.SCU_IRQHandler.master)
    _Curve                                   0x0000435c   Data       22172  crypto.o(.rodata._Curve)
    [Anonymous Symbol]                       0x0000435c   Section        0  crypto.o(.rodata._Curve)
    [Anonymous Symbol]                       0x000099f8   Section        0  clk.o(.rodata.cst32)
    [Anonymous Symbol]                       0x00009a18   Section        0  uart.o(.rodata.cst32)
    [Anonymous Symbol]                       0x00009b18   Section        0  system_m2354.o(.rodata.str1.1)
    [Anonymous Symbol]                       0x00009bca   Section        0  main.o(.rodata.str1.1)
    [Anonymous Symbol]                       0x00009e85   Section        0  retarget.o(.rodata.str1.1)
    [Anonymous Symbol]                       0x00009fe7   Section        0  crypto.o(.rodata.str1.1)
    hex_char_tbl                             0x2000000c   Data          17  crypto.o(.data.hex_char_tbl)
    [Anonymous Symbol]                       0x2000000c   Section        0  crypto.o(.data.hex_char_tbl)
    .STACK                                   0x20000020   Section     6144  nubl2_startup.o(.STACK)
    Curve_Copy                               0x20001820   Data         964  crypto.o(.bss.Curve_Copy)
    [Anonymous Symbol]                       0x20001820   Section        0  crypto.o(.bss.Curve_Copy)
    g_ECCERR_done                            0x20001c8c   Data           4  crypto.o(.bss.g_ECCERR_done)
    [Anonymous Symbol]                       0x20001c8c   Section        0  crypto.o(.bss.g_ECCERR_done)
    g_ECC_done                               0x20001c90   Data           4  crypto.o(.bss.g_ECC_done)
    [Anonymous Symbol]                       0x20001c90   Section        0  crypto.o(.bss.g_ECC_done)
    g_NuBL3xFwInfo                           0x20001c98   Data         368  main.o(.bss.g_NuBL3xFwInfo)
    [Anonymous Symbol]                       0x20001c98   Section        0  main.o(.bss.g_NuBL3xFwInfo)
    pCurve                                   0x20001e08   Data           4  crypto.o(.bss.pCurve)
    [Anonymous Symbol]                       0x20001e08   Section        0  crypto.o(.bss.pCurve)
    temp_hex_str                             0x20001e0c   Data         160  crypto.o(.bss.temp_hex_str)
    [Anonymous Symbol]                       0x20001e0c   Section        0  crypto.o(.bss.temp_hex_str)

    Global Symbols

    Symbol Name                              Value     Ov Type        Size  Object(Section)

    BuildAttributes$$THM_ISAv3M$S$8M$PE$A:L22$X:L11$S22$IEEE1$IW$~IW$USESV6$~STKCKD$USESV7$WCHAR32$ENUMINT$~SHL$OSPACE$ROPI$EBA8$MICROLIB$REQ8$PRES8$EABIv2 0x00000000   Number         0  anon$$obj.o ABSOLUTE
    __Vectors                                0x00000000   Data           4  nubl2_startup.o(RESET)
    __cpp_initialize__aeabi_                  - Undefined Weak Reference
    __cxa_finalize                            - Undefined Weak Reference
    __decompress                              - Undefined Weak Reference
    _clock_init                               - Undefined Weak Reference
    _microlib_exit                            - Undefined Weak Reference
    __Vectors_End                            0x00000210   Data           0  nubl2_startup.o(RESET)
    __Vectors_Size                           0x00000210   Number         0  nubl2_startup.o ABSOLUTE
    __main                                   0x00000211   Thumb Code     0  entry.o(.ARM.Collect$$$$00000000)
    _main_stk                                0x00000211   Thumb Code     0  entry2.o(.ARM.Collect$$$$00000001)
    _main_scatterload                        0x00000215   Thumb Code     0  entry5.o(.ARM.Collect$$$$00000004)
    __main_after_scatterload                 0x00000219   Thumb Code     0  entry5.o(.ARM.Collect$$$$00000004)
    _main_clock                              0x00000219   Thumb Code     0  entry7b.o(.ARM.Collect$$$$00000008)
    _main_cpp_init                           0x00000219   Thumb Code     0  entry8b.o(.ARM.Collect$$$$0000000A)
    _main_init                               0x00000219   Thumb Code     0  entry9a.o(.ARM.Collect$$$$0000000B)
    __rt_final_cpp                           0x00000221   Thumb Code     0  entry10a.o(.ARM.Collect$$$$0000000D)
    __rt_final_exit                          0x00000221   Thumb Code     0  entry11a.o(.ARM.Collect$$$$0000000F)
    Reset_Handler                            0x00000225   Thumb Code     8  nubl2_startup.o(.text)
    NMI_Handler                              0x0000022d   Thumb Code     2  nubl2_startup.o(.text)
    HardFault_Handler                        0x0000022f   Thumb Code    16  nubl2_startup.o(.text)
    ProcessHardFaultx                        0x0000023f   Thumb Code     2  nubl2_startup.o(.text)
    SVC_Handler                              0x00000241   Thumb Code     2  nubl2_startup.o(.text)
    PendSV_Handler                           0x00000243   Thumb Code     2  nubl2_startup.o(.text)
    SysTick_Handler                          0x00000245   Thumb Code     2  nubl2_startup.o(.text)
    ACMP01_IRQHandler                        0x00000247   Thumb Code     0  nubl2_startup.o(.text)
    BOD_IRQHandler                           0x00000247   Thumb Code     0  nubl2_startup.o(.text)
    BPWM0_IRQHandler                         0x00000247   Thumb Code     0  nubl2_startup.o(.text)
    BPWM1_IRQHandler                         0x00000247   Thumb Code     0  nubl2_startup.o(.text)
    BRAKE0_IRQHandler                        0x00000247   Thumb Code     0  nubl2_startup.o(.text)
    BRAKE1_IRQHandler                        0x00000247   Thumb Code     0  nubl2_startup.o(.text)
    CAN0_IRQHandler                          0x00000247   Thumb Code     0  nubl2_startup.o(.text)
    CAN1_IRQHandler                          0x00000247   Thumb Code     0  nubl2_startup.o(.text)
    CLKFAIL_IRQHandler                       0x00000247   Thumb Code     0  nubl2_startup.o(.text)
    DAC_IRQHandler                           0x00000247   Thumb Code     0  nubl2_startup.o(.text)
    DEFAULT_IRQHandler                       0x00000247   Thumb Code     0  nubl2_startup.o(.text)
    EADC0_IRQHandler                         0x00000247   Thumb Code     0  nubl2_startup.o(.text)
    EADC1_IRQHandler                         0x00000247   Thumb Code     0  nubl2_startup.o(.text)
    EADC2_IRQHandler                         0x00000247   Thumb Code     0  nubl2_startup.o(.text)
    EADC3_IRQHandler                         0x00000247   Thumb Code     0  nubl2_startup.o(.text)
    ECAP0_IRQHandler                         0x00000247   Thumb Code     0  nubl2_startup.o(.text)
    ECAP1_IRQHandler                         0x00000247   Thumb Code     0  nubl2_startup.o(.text)
    EINT0_IRQHandler                         0x00000247   Thumb Code     0  nubl2_startup.o(.text)
    EINT1_IRQHandler                         0x00000247   Thumb Code     0  nubl2_startup.o(.text)
    EINT2_IRQHandler                         0x00000247   Thumb Code     0  nubl2_startup.o(.text)
    EINT3_IRQHandler                         0x00000247   Thumb Code     0  nubl2_startup.o(.text)
    EINT4_IRQHandler                         0x00000247   Thumb Code     0  nubl2_startup.o(.text)
    EINT5_IRQHandler                         0x00000247   Thumb Code     0  nubl2_startup.o(.text)
    EINT6_IRQHandler                         0x00000247   Thumb Code     0  nubl2_startup.o(.text)
    EINT7_IRQHandler                         0x00000247   Thumb Code     0  nubl2_startup.o(.text)
    EPWM0_P0_IRQHandler                      0x00000247   Thumb Code     0  nubl2_startup.o(.text)
    EPWM0_P1_IRQHandler                      0x00000247   Thumb Code     0  nubl2_startup.o(.text)
    EPWM0_P2_IRQHandler                      0x00000247   Thumb Code     0  nubl2_startup.o(.text)
    EPWM1_P0_IRQHandler                      0x00000247   Thumb Code     0  nubl2_startup.o(.text)
    EPWM1_P1_IRQHandler                      0x00000247   Thumb Code     0  nubl2_startup.o(.text)
    EPWM1_P2_IRQHandler                      0x00000247   Thumb Code     0  nubl2_startup.o(.text)
    EWDT_IRQHandler                          0x00000247   Thumb Code     0  nubl2_startup.o(.text)
    EWWDT_IRQHandler                         0x00000247   Thumb Code     0  nubl2_startup.o(.text)
    GPA_IRQHandler                           0x00000247   Thumb Code     0  nubl2_startup.o(.text)
    GPB_IRQHandler                           0x00000247   Thumb Code     0  nubl2_startup.o(.text)
    GPC_IRQHandler                           0x00000247   Thumb Code     0  nubl2_startup.o(.text)
    GPD_IRQHandler                           0x00000247   Thumb Code     0  nubl2_startup.o(.text)
    GPE_IRQHandler                           0x00000247   Thumb Code     0  nubl2_startup.o(.text)
    GPF_IRQHandler                           0x00000247   Thumb Code     0  nubl2_startup.o(.text)
    GPG_IRQHandler                           0x00000247   Thumb Code     0  nubl2_startup.o(.text)
    GPH_IRQHandler                           0x00000247   Thumb Code     0  nubl2_startup.o(.text)
    I2C0_IRQHandler                          0x00000247   Thumb Code     0  nubl2_startup.o(.text)
    I2C1_IRQHandler                          0x00000247   Thumb Code     0  nubl2_startup.o(.text)
    I2C2_IRQHandler                          0x00000247   Thumb Code     0  nubl2_startup.o(.text)
    I2S0_IRQHandler                          0x00000247   Thumb Code     0  nubl2_startup.o(.text)
    IRC_IRQHandler                           0x00000247   Thumb Code     0  nubl2_startup.o(.text)
    KS_IRQHandler                            0x00000247   Thumb Code     0  nubl2_startup.o(.text)
    LCD_IRQHandler                           0x00000247   Thumb Code     0  nubl2_startup.o(.text)
    NS_ISP_IRQHandler                        0x00000247   Thumb Code     0  nubl2_startup.o(.text)
    OPA0_IRQHandler                          0x00000247   Thumb Code     0  nubl2_startup.o(.text)
    PDMA0_IRQHandler                         0x00000247   Thumb Code     0  nubl2_startup.o(.text)
    PDMA1_IRQHandler                         0x00000247   Thumb Code     0  nubl2_startup.o(.text)
    PWRWU_IRQHandler                         0x00000247   Thumb Code     0  nubl2_startup.o(.text)
    QEI0_IRQHandler                          0x00000247   Thumb Code     0  nubl2_startup.o(.text)
    QEI1_IRQHandler                          0x00000247   Thumb Code     0  nubl2_startup.o(.text)
    QSPI0_IRQHandler                         0x00000247   Thumb Code     0  nubl2_startup.o(.text)
    RTC_IRQHandler                           0x00000247   Thumb Code     0  nubl2_startup.o(.text)
    RTC_TAMPER_IRQHandler                    0x00000247   Thumb Code     0  nubl2_startup.o(.text)
    SC0_IRQHandler                           0x00000247   Thumb Code     0  nubl2_startup.o(.text)
    SC1_IRQHandler                           0x00000247   Thumb Code     0  nubl2_startup.o(.text)
    SC2_IRQHandler                           0x00000247   Thumb Code     0  nubl2_startup.o(.text)
    SC3_IRQHandler                           0x00000247   Thumb Code     0  nubl2_startup.o(.text)
    SDH0_IRQHandler                          0x00000247   Thumb Code     0  nubl2_startup.o(.text)
    SDH1_IRQHandler                          0x00000247   Thumb Code     0  nubl2_startup.o(.text)
    SPI0_IRQHandler                          0x00000247   Thumb Code     0  nubl2_startup.o(.text)
    SPI1_IRQHandler                          0x00000247   Thumb Code     0  nubl2_startup.o(.text)
    SPI2_IRQHandler                          0x00000247   Thumb Code     0  nubl2_startup.o(.text)
    SPI3_IRQHandler                          0x00000247   Thumb Code     0  nubl2_startup.o(.text)
    SRAM_IRQHandler                          0x00000247   Thumb Code     0  nubl2_startup.o(.text)
    TAMPER_IRQHandler                        0x00000247   Thumb Code     0  nubl2_startup.o(.text)
    TMR0_IRQHandler                          0x00000247   Thumb Code     0  nubl2_startup.o(.text)
    TMR1_IRQHandler                          0x00000247   Thumb Code     0  nubl2_startup.o(.text)
    TMR2_IRQHandler                          0x00000247   Thumb Code     0  nubl2_startup.o(.text)
    TMR3_IRQHandler                          0x00000247   Thumb Code     0  nubl2_startup.o(.text)
    TMR4_IRQHandler                          0x00000247   Thumb Code     0  nubl2_startup.o(.text)
    TMR5_IRQHandler                          0x00000247   Thumb Code     0  nubl2_startup.o(.text)
    TRNG_IRQHandler                          0x00000247   Thumb Code     0  nubl2_startup.o(.text)
    UART0_IRQHandler                         0x00000247   Thumb Code     0  nubl2_startup.o(.text)
    UART1_IRQHandler                         0x00000247   Thumb Code     0  nubl2_startup.o(.text)
    UART2_IRQHandler                         0x00000247   Thumb Code     0  nubl2_startup.o(.text)
    UART3_IRQHandler                         0x00000247   Thumb Code     0  nubl2_startup.o(.text)
    UART4_IRQHandler                         0x00000247   Thumb Code     0  nubl2_startup.o(.text)
    UART5_IRQHandler                         0x00000247   Thumb Code     0  nubl2_startup.o(.text)
    USBD_IRQHandler                          0x00000247   Thumb Code     0  nubl2_startup.o(.text)
    USBH_IRQHandler                          0x00000247   Thumb Code     0  nubl2_startup.o(.text)
    USBOTG_IRQHandler                        0x00000247   Thumb Code     0  nubl2_startup.o(.text)
    USCI0_IRQHandler                         0x00000247   Thumb Code     0  nubl2_startup.o(.text)
    USCI1_IRQHandler                         0x00000247   Thumb Code     0  nubl2_startup.o(.text)
    WDT_IRQHandler                           0x00000247   Thumb Code     0  nubl2_startup.o(.text)
    WWDT_IRQHandler                          0x00000247   Thumb Code     0  nubl2_startup.o(.text)
    SH_DoCommand                             0x00000249   Thumb Code    10  nubl2_startup.o(.text)
    __PC                                     0x00000253   Thumb Code     6  nubl2_startup.o(.text)
    SPD_Return                               0x00000259   Thumb Code    24  nubl2_startup.o(.text)
    __aeabi_memcpy                           0x0000028d   Thumb Code    36  memcpya.o(.text)
    __aeabi_memcpy4                          0x0000028d   Thumb Code     0  memcpya.o(.text)
    __aeabi_memcpy8                          0x0000028d   Thumb Code     0  memcpya.o(.text)
    __aeabi_memset                           0x000002b1   Thumb Code    14  memseta.o(.text)
    __aeabi_memset4                          0x000002b1   Thumb Code     0  memseta.o(.text)
    __aeabi_memset8                          0x000002b1   Thumb Code     0  memseta.o(.text)
    __aeabi_memclr                           0x000002bf   Thumb Code     4  memseta.o(.text)
    __aeabi_memclr4                          0x000002bf   Thumb Code     0  memseta.o(.text)
    __aeabi_memclr8                          0x000002bf   Thumb Code     0  memseta.o(.text)
    _memset$wrapper                          0x000002c3   Thumb Code    18  memseta.o(.text)
    strlen                                   0x000002d5   Thumb Code    14  strlen.o(.text)
    memcmp                                   0x000002e3   Thumb Code    26  memcmp.o(.text)
    strcasecmp                               0x000002fd   Thumb Code    38  strcasecmp.o(.text)
    __aeabi_uldivmod                         0x00000323   Thumb Code    96  uldiv.o(.text)
    tolower                                  0x00000383   Thumb Code    12  tolower.o(.text)
    __I$use$fp                               0x0000038f   Thumb Code     0  iusefp.o(.text)
    __aeabi_dadd                             0x00000391   Thumb Code   328  dadd.o(.text)
    __aeabi_dsub                             0x000004d9   Thumb Code    12  dadd.o(.text)
    __aeabi_drsub                            0x000004e5   Thumb Code    12  dadd.o(.text)
    __aeabi_dmul                             0x000004f5   Thumb Code   202  dmul.o(.text)
    __aeabi_ddiv                             0x000005c5   Thumb Code   234  ddiv.o(.text)
    __aeabi_d2ulz                            0x000006b5   Thumb Code    54  dfixul.o(.text)
    __aeabi_cdrcmple                         0x000006f5   Thumb Code    38  cdrcmple.o(.text)
    __scatterload                            0x0000071d   Thumb Code    28  init.o(.text)
    __scatterload_rt2                        0x0000071d   Thumb Code     0  init.o(.text)
    __aeabi_uidiv$div0                       0x00000741   Thumb Code     0  uidiv_div0.o(.text)
    __aeabi_uidivmod                         0x00000741   Thumb Code    62  uidiv_div0.o(.text)
    __aeabi_llsl                             0x0000077f   Thumb Code    32  llshl.o(.text)
    _ll_shift_l                              0x0000077f   Thumb Code     0  llshl.o(.text)
    __aeabi_llsr                             0x0000079f   Thumb Code    34  llushr.o(.text)
    _ll_ushift_r                             0x0000079f   Thumb Code     0  llushr.o(.text)
    __aeabi_lasr                             0x000007c1   Thumb Code    38  llsshr.o(.text)
    _ll_sshift_r                             0x000007c1   Thumb Code     0  llsshr.o(.text)
    _double_round                            0x000007e7   Thumb Code    26  depilogue.o(.text)
    _double_epilogue                         0x00000801   Thumb Code   164  depilogue.o(.text)
    CDI_Cal                                  0x000008f9   Thumb Code    84  cdi.o(.text.CDI_Cal)
    CLK_EnableModuleClock                    0x0000094d   Thumb Code    52  clk.o(.text.CLK_EnableModuleClock)
    CLK_EnablePLL                            0x00000985   Thumb Code   432  clk.o(.text.CLK_EnablePLL)
    CLK_EnableXtalRC                         0x00000b5d   Thumb Code    20  clk.o(.text.CLK_EnableXtalRC)
    __acle_se_CLK_GetCPUFreq                 0x00000b71   Thumb Code     0  clk.o(.text.CLK_GetCPUFreq)
    __acle_se_CLK_GetHCLKFreq                0x00000ce9   Thumb Code     0  clk.o(.text.CLK_GetHCLKFreq)
    __acle_se_CLK_GetHXTFreq                 0x00000d09   Thumb Code     0  clk.o(.text.CLK_GetHXTFreq)
    __acle_se_CLK_GetLXTFreq                 0x00000d45   Thumb Code     0  clk.o(.text.CLK_GetLXTFreq)
    __acle_se_CLK_GetModuleClockDivider      0x00000d81   Thumb Code     0  clk.o(.text.CLK_GetModuleClockDivider)
    __acle_se_CLK_GetModuleClockSource       0x00000de5   Thumb Code     0  clk.o(.text.CLK_GetModuleClockSource)
    __acle_se_CLK_GetPCLK0Freq               0x00000f19   Thumb Code     0  clk.o(.text.CLK_GetPCLK0Freq)
    __acle_se_CLK_GetPCLK1Freq               0x00000f39   Thumb Code     0  clk.o(.text.CLK_GetPCLK1Freq)
    __acle_se_CLK_GetPLLClockFreq            0x00000f5d   Thumb Code     0  clk.o(.text.CLK_GetPLLClockFreq)
    CLK_SetCoreClock                         0x0000100d   Thumb Code   164  clk.o(.text.CLK_SetCoreClock)
    CLK_SetHCLK                              0x000010c9   Thumb Code   468  clk.o(.text.CLK_SetHCLK)
    CLK_SetModuleClock                       0x000012e1   Thumb Code   228  clk.o(.text.CLK_SetModuleClock)
    CLK_WaitClockReady                       0x000013d9   Thumb Code    56  clk.o(.text.CLK_WaitClockReady)
    CRPT_IRQHandler                          0x00001419   Thumb Code    12  verifynubl3x.o(.text.CRPT_IRQHandler)
    CRPT_Reg2Hex                             0x00001425   Thumb Code    24  crypto.o(.text.CRPT_Reg2Hex)
    Cal_SHA512_Flash                         0x0000143d   Thumb Code   240  verifynubl3x.o(.text.Cal_SHA512_Flash)
    Cal_SHA512_SRAM                          0x00001549   Thumb Code   116  verifynubl3x.o(.text.Cal_SHA512_SRAM)
    ECC_DriverISR                            0x00001699   Thumb Code    60  crypto.o(.text.ECC_DriverISR)
    ECC_VerifySignature                      0x000016dd   Thumb Code  1176  crypto.o(.text.ECC_VerifySignature)
    FMC_NSBA_Setup                           0x00001b89   Thumb Code   132  system_m2354.o(.text.FMC_NSBA_Setup)
    FMC_Open                                 0x00001c19   Thumb Code    40  fmc.o(.text.FMC_Open)
    FMC_Read                                 0x00001c49   Thumb Code   208  fmc.o(.text.FMC_Read)
    GetChar                                  0x00001d91   Thumb Code    24  retarget.o(.text.GetChar)
    KS_Open                                  0x00001e49   Thumb Code   156  keystore.o(.text.KS_Open)
    KS_Read                                  0x00001ee5   Thumb Code   252  keystore.o(.text.KS_Read)
    KS_WriteOTP                              0x00001fe5   Thumb Code   300  keystore.o(.text.KS_WriteOTP)
    NSC_Init                                 0x00002131   Thumb Code    48  system_m2354.o(.text.NSC_Init)
    NuBL32_CDI                               0x00002175   Thumb Code   428  main.o(.text.NuBL32_CDI)
    ProcessHardFault                         0x0000234d   Thumb Code   816  retarget.o(.text.ProcessHardFault)
    SCU_IRQHandler                           0x00002751   Thumb Code   224  system_m2354.o(.text.SCU_IRQHandler)
    SCU_Setup                                0x0000284d   Thumb Code   144  system_m2354.o(.text.SCU_Setup)
    SHA_Open                                 0x000029d1   Thumb Code    50  crypto.o(.text.SHA_Open)
    SHA_Read                                 0x00002a03   Thumb Code   148  crypto.o(.text.SHA_Read)
    SHA_SetDMATransfer                       0x00002a97   Thumb Code    32  crypto.o(.text.SHA_SetDMATransfer)
    SHA_Start                                0x00002ab7   Thumb Code    40  crypto.o(.text.SHA_Start)
    SH_Return                                0x00002adf   Thumb Code    14  retarget.o(.text.SH_Return)
    SYS_Init                                 0x00002aed   Thumb Code    64  main.o(.text.SYS_Init)
    SYS_ResetModule                          0x00002b39   Thumb Code    72  sys.o(.text.SYS_ResetModule)
    SendChar                                 0x00002bf5   Thumb Code    16  retarget.o(.text.SendChar)
    SendChar_ToUART                          0x00002c05   Thumb Code    64  retarget.o(.text.SendChar_ToUART)
    SystemCoreClockUpdate                    0x00002c49   Thumb Code    40  system_m2354.o(.text.SystemCoreClockUpdate)
    SystemInit                               0x00002c85   Thumb Code    84  system_m2354.o(.text.SystemInit)
    TZ_SAU_Setup                             0x00002cf1   Thumb Code    76  system_m2354.o(.text.TZ_SAU_Setup)
    UART_Init                                0x00002d6d   Thumb Code    20  main.o(.text.UART_Init)
    UART_Open                                0x00002d85   Thumb Code   520  uart.o(.text.UART_Open)
    VerifyNuBL3x                             0x00002fdd   Thumb Code   400  verifynubl3x.o(.text.VerifyNuBL3x)
    fgetc                                    0x000034a1   Thumb Code    14  retarget.o(.text.fgetc)
    fputc                                    0x000034af   Thumb Code    20  retarget.o(.text.fputc)
    main                                     0x00003651   Thumb Code   332  main.o(.text.main)
    __0printf                                0x00003905   Thumb Code    24  printfa.o(i.__0printf)
    __1printf                                0x00003905   Thumb Code     0  printfa.o(i.__0printf)
    __2printf                                0x00003905   Thumb Code     0  printfa.o(i.__0printf)
    __c89printf                              0x00003905   Thumb Code     0  printfa.o(i.__0printf)
    printf                                   0x00003905   Thumb Code     0  printfa.o(i.__0printf)
    __ARM_clz                                0x00003925   Thumb Code    46  depilogue.o(i.__ARM_clz)
    __scatterload_copy                       0x00003953   Thumb Code    14  handlers.o(i.__scatterload_copy)
    __scatterload_null                       0x00003961   Thumb Code     2  handlers.o(i.__scatterload_null)
    __scatterload_zeroinit                   0x00003963   Thumb Code    14  handlers.o(i.__scatterload_zeroinit)
    getc                                     0x0000421d   Thumb Code     8  getc.o(i.getc)
    g_au32ROTPK                              0x00009a78   Data         160  main.o(.rodata.g_au32ROTPK)
    Region$$Table$$Base                      0x0000a040   Number         0  anon$$obj.o(Region$$Table)
    Region$$Table$$Limit                     0x0000a060   Number         0  anon$$obj.o(Region$$Table)
    CLK_GetHXTFreq                           0x0000a081   Thumb Code     8  anon$$obj.o(Veneer$$CMSE)
    Image$$NSC_ROM$$XO$$Base                 0x0000a080   Number         0  anon$$obj.o ABSOLUTE
    CLK_GetLXTFreq                           0x0000a089   Thumb Code     8  anon$$obj.o(Veneer$$CMSE)
    CLK_GetHCLKFreq                          0x0000a091   Thumb Code     8  anon$$obj.o(Veneer$$CMSE)
    CLK_GetPCLK0Freq                         0x0000a099   Thumb Code     8  anon$$obj.o(Veneer$$CMSE)
    CLK_GetPCLK1Freq                         0x0000a0a1   Thumb Code     8  anon$$obj.o(Veneer$$CMSE)
    CLK_GetCPUFreq                           0x0000a0a9   Thumb Code     8  anon$$obj.o(Veneer$$CMSE)
    CLK_GetPLLClockFreq                      0x0000a0b1   Thumb Code     8  anon$$obj.o(Veneer$$CMSE)
    CLK_GetModuleClockSource                 0x0000a0b9   Thumb Code     8  anon$$obj.o(Veneer$$CMSE)
    CLK_GetModuleClockDivider                0x0000a0c1   Thumb Code     8  anon$$obj.o(Veneer$$CMSE)
    Image$$NSC_ROM$$XO$$Limit                0x0000a0e0   Number         0  anon$$obj.o ABSOLUTE
    g_InitialFWInfo                          0x00018000   Data         368  fwinfo.o(.rodata.g_InitialFWInfo)
    CyclesPerUs                              0x20000000   Data           4  system_m2354.o(.data.CyclesPerUs)
    PllClock                                 0x20000004   Data           4  system_m2354.o(.data.PllClock)
    SystemCoreClock                          0x20000008   Data           4  system_m2354.o(.data.SystemCoreClock)
    __initial_sp                             0x20001820   Data           0  nubl2_startup.o(.STACK)
    __stdin                                  0x20001be4   Data          84  retarget.o(.bss.__stdin)
    __stdout                                 0x20001c38   Data          84  retarget.o(.bss.__stdout)
    g_FMC_i32ErrCode                         0x20001c94   Data           4  fmc.o(.bss.g_FMC_i32ErrCode)



==============================================================================

Memory Map of the image

  Image Entry point : 0x00000225

  Load Region NUBL2 (Base: 0x00000000, Size: 0x0000a100, Max: 0xffffffff, ABSOLUTE)

    Execution Region NuBL2.bin (Exec base: 0x00000000, Load base: 0x00000000, Size: 0x0000a068, Max: 0xffffffff, ABSOLUTE)

    Exec Addr    Load Addr    Size         Type   Attr      Idx    E Section Name        Object

    0x00000000   0x00000000   0x00000210   Data   RO            3    RESET               nubl2_startup.o
    0x00000210   0x00000210   0x00000000   Code   RO          495  * .ARM.Collect$$$$00000000  mc_p.l(entry.o)
    0x00000210   0x00000210   0x00000004   Code   RO          543    .ARM.Collect$$$$00000001  mc_p.l(entry2.o)
    0x00000214   0x00000214   0x00000004   Code   RO          546    .ARM.Collect$$$$00000004  mc_p.l(entry5.o)
    0x00000218   0x00000218   0x00000000   Code   RO          548    .ARM.Collect$$$$00000008  mc_p.l(entry7b.o)
    0x00000218   0x00000218   0x00000000   Code   RO          550    .ARM.Collect$$$$0000000A  mc_p.l(entry8b.o)
    0x00000218   0x00000218   0x00000008   Code   RO          551    .ARM.Collect$$$$0000000B  mc_p.l(entry9a.o)
    0x00000220   0x00000220   0x00000000   Code   RO          553    .ARM.Collect$$$$0000000D  mc_p.l(entry10a.o)
    0x00000220   0x00000220   0x00000000   Code   RO          555    .ARM.Collect$$$$0000000F  mc_p.l(entry11a.o)
    0x00000220   0x00000220   0x00000004   Code   RO          544    .ARM.Collect$$$$00002712  mc_p.l(entry2.o)
    0x00000224   0x00000224   0x00000068   Code   RO            4  * .text               nubl2_startup.o
    0x0000028c   0x0000028c   0x00000000   Code   RO           78    .text               verifynubl3x.o
    0x0000028c   0x0000028c   0x00000024   Code   RO          503    .text               mc_p.l(memcpya.o)
    0x000002b0   0x000002b0   0x00000024   Code   RO          505    .text               mc_p.l(memseta.o)
    0x000002d4   0x000002d4   0x0000000e   Code   RO          507    .text               mc_p.l(strlen.o)
    0x000002e2   0x000002e2   0x0000001a   Code   RO          509    .text               mc_p.l(memcmp.o)
    0x000002fc   0x000002fc   0x00000026   Code   RO          513    .text               mc_p.l(strcasecmp.o)
    0x00000322   0x00000322   0x00000060   Code   RO          561    .text               mc_p.l(uldiv.o)
    0x00000382   0x00000382   0x0000000c   Code   RO          563    .text               mc_p.l(tolower.o)
    0x0000038e   0x0000038e   0x00000000   Code   RO          565    .text               mc_p.l(iusefp.o)
    0x0000038e   0x0000038e   0x00000002   PAD
    0x00000390   0x00000390   0x00000164   Code   RO          566    .text               mf_p.l(dadd.o)
    0x000004f4   0x000004f4   0x000000d0   Code   RO          568    .text               mf_p.l(dmul.o)
    0x000005c4   0x000005c4   0x000000f0   Code   RO          570    .text               mf_p.l(ddiv.o)
    0x000006b4   0x000006b4   0x00000040   Code   RO          572    .text               mf_p.l(dfixul.o)
    0x000006f4   0x000006f4   0x00000028   Code   RO          574    .text               mf_p.l(cdrcmple.o)
    0x0000071c   0x0000071c   0x00000024   Code   RO          576    .text               mc_p.l(init.o)
    0x00000740   0x00000740   0x0000003e   Code   RO          580    .text               mc_p.l(uidiv_div0.o)
    0x0000077e   0x0000077e   0x00000020   Code   RO          586    .text               mc_p.l(llshl.o)
    0x0000079e   0x0000079e   0x00000022   Code   RO          588    .text               mc_p.l(llushr.o)
    0x000007c0   0x000007c0   0x00000026   Code   RO          590    .text               mc_p.l(llsshr.o)
    0x000007e6   0x000007e6   0x000000be   Code   RO          592    .text               mf_p.l(depilogue.o)
    0x000008a4   0x000008a4   0x00000054   Code   RO           89    .text.BytesSwap     verifynubl3x.o
    0x000008f8   0x000008f8   0x00000054   Code   RO           98    .text.CDI_Cal       cdi.o
    0x0000094c   0x0000094c   0x00000038   Code   RO          221    .text.CLK_EnableModuleClock  clk.o
    0x00000984   0x00000984   0x000001d8   Code   RO          209    .text.CLK_EnablePLL  clk.o
    0x00000b5c   0x00000b5c   0x00000014   Code   RO          217    .text.CLK_EnableXtalRC  clk.o
    0x00000b70   0x00000b70   0x00000178   Code   RO          203    .text.CLK_GetCPUFreq  clk.o
    0x00000ce8   0x00000ce8   0x00000020   Code   RO          197    .text.CLK_GetHCLKFreq  clk.o
    0x00000d08   0x00000d08   0x0000003c   Code   RO          193    .text.CLK_GetHXTFreq  clk.o
    0x00000d44   0x00000d44   0x0000003c   Code   RO          195    .text.CLK_GetLXTFreq  clk.o
    0x00000d80   0x00000d80   0x00000064   Code   RO          243    .text.CLK_GetModuleClockDivider  clk.o
    0x00000de4   0x00000de4   0x00000134   Code   RO          241    .text.CLK_GetModuleClockSource  clk.o
    0x00000f18   0x00000f18   0x00000020   Code   RO          199    .text.CLK_GetPCLK0Freq  clk.o
    0x00000f38   0x00000f38   0x00000024   Code   RO          201    .text.CLK_GetPCLK1Freq  clk.o
    0x00000f5c   0x00000f5c   0x000000b0   Code   RO          239    .text.CLK_GetPLLClockFreq  clk.o
    0x0000100c   0x0000100c   0x000000bc   Code   RO          205    .text.CLK_SetCoreClock  clk.o
    0x000010c8   0x000010c8   0x00000218   Code   RO          211    .text.CLK_SetHCLK   clk.o
    0x000012e0   0x000012e0   0x000000f8   Code   RO          213    .text.CLK_SetModuleClock  clk.o
    0x000013d8   0x000013d8   0x00000040   Code   RO          207    .text.CLK_WaitClockReady  clk.o
    0x00001418   0x00001418   0x0000000c   Code   RO           79    .text.CRPT_IRQHandler  verifynubl3x.o
    0x00001424   0x00001424   0x00000018   Code   RO          371    .text.CRPT_Reg2Hex  crypto.o
    0x0000143c   0x0000143c   0x0000010c   Code   RO           81    .text.Cal_SHA512_Flash  verifynubl3x.o
    0x00001548   0x00001548   0x00000080   Code   RO           83    .text.Cal_SHA512_SRAM  verifynubl3x.o
    0x000015c8   0x000015c8   0x000000d0   Code   RO           55    .text.CheckROTPKStatus  main.o
    0x00001698   0x00001698   0x00000044   Code   RO          369    .text.ECC_DriverISR  crypto.o
    0x000016dc   0x000016dc   0x000004ac   Code   RO          409    .text.ECC_VerifySignature  crypto.o
    0x00001b88   0x00001b88   0x00000090   Code   RO           11    .text.FMC_NSBA_Setup  system_m2354.o
    0x00001c18   0x00001c18   0x00000030   Code   RO          313    .text.FMC_Open      fmc.o
    0x00001c48   0x00001c48   0x000000e4   Code   RO          315    .text.FMC_Read      fmc.o
    0x00001d2c   0x00001d2c   0x00000064   Code   RO           57    .text.FMC_SetVectorPageAddr  main.o
    0x00001d90   0x00001d90   0x00000020   Code   RO          121    .text.GetChar       retarget.o
    0x00001db0   0x00001db0   0x00000096   Code   RO          377    .text.Hex2Reg       crypto.o
    0x00001e46   0x00001e46   0x00000002   PAD
    0x00001e48   0x00001e48   0x0000009c   Code   RO          465    .text.KS_Open       keystore.o
    0x00001ee4   0x00001ee4   0x00000100   Code   RO          467    .text.KS_Read       keystore.o
    0x00001fe4   0x00001fe4   0x0000014c   Code   RO          483    .text.KS_WriteOTP   keystore.o
    0x00002130   0x00002130   0x00000044   Code   RO           21    .text.NSC_Init      system_m2354.o
    0x00002174   0x00002174   0x000001d8   Code   RO           47    .text.NuBL32_CDI    main.o
    0x0000234c   0x0000234c   0x0000037c   Code   RO          113    .text.ProcessHardFault  retarget.o
    0x000026c8   0x000026c8   0x00000088   Code   RO          373    .text.Reg2Hex       crypto.o
    0x00002750   0x00002750   0x000000fc   Code   RO           19    .text.SCU_IRQHandler  system_m2354.o
    0x0000284c   0x0000284c   0x000000dc   Code   RO           15    .text.SCU_Setup     system_m2354.o
    0x00002928   0x00002928   0x000000a8   Code   RO           49    .text.SHA512        main.o
    0x000029d0   0x000029d0   0x00000032   Code   RO          361    .text.SHA_Open      crypto.o
    0x00002a02   0x00002a02   0x00000094   Code   RO          367    .text.SHA_Read      crypto.o
    0x00002a96   0x00002a96   0x00000020   Code   RO          365    .text.SHA_SetDMATransfer  crypto.o
    0x00002ab6   0x00002ab6   0x00000028   Code   RO          363    .text.SHA_Start     crypto.o
    0x00002ade   0x00002ade   0x0000000e   Code   RO          115    .text.SH_Return     retarget.o
    0x00002aec   0x00002aec   0x0000004c   Code   RO           43    .text.SYS_Init      main.o
    0x00002b38   0x00002b38   0x00000050   Code   RO          162    .text.SYS_ResetModule  sys.o
    0x00002b88   0x00002b88   0x00000034   Code   RO           13    .text.SYS_UnlockReg  system_m2354.o
    0x00002bbc   0x00002bbc   0x00000038   Code   RO           53    .text.SYS_UnlockReg  main.o
    0x00002bf4   0x00002bf4   0x00000010   Code   RO          119    .text.SendChar      retarget.o
    0x00002c04   0x00002c04   0x00000044   Code   RO          117    .text.SendChar_ToUART  retarget.o
    0x00002c48   0x00002c48   0x0000003c   Code   RO           25    .text.SystemCoreClockUpdate  system_m2354.o
    0x00002c84   0x00002c84   0x0000006c   Code   RO           27    .text.SystemInit    system_m2354.o
    0x00002cf0   0x00002cf0   0x0000007c   Code   RO           23    .text.TZ_SAU_Setup  system_m2354.o
    0x00002d6c   0x00002d6c   0x00000018   Code   RO           45    .text.UART_Init     main.o
    0x00002d84   0x00002d84   0x00000258   Code   RO          267    .text.UART_Open     uart.o
    0x00002fdc   0x00002fdc   0x00000194   Code   RO           85    .text.VerifyNuBL3x  verifynubl3x.o
    0x00003170   0x00003170   0x00000028   Code   RO           17    .text.__NVIC_EnableIRQ  system_m2354.o
    0x00003198   0x00003198   0x0000002c   Code   RO           87    .text.__NVIC_EnableIRQ  verifynubl3x.o
    0x000031c4   0x000031c4   0x0000001c   Code   RO           59    .text.__NVIC_SystemReset  main.o
    0x000031e0   0x000031e0   0x0000004a   Code   RO          441    .text.ch2hex        crypto.o
    0x0000322a   0x0000322a   0x0000002a   Code   RO          391    .text.clean_reg     crypto.o
    0x00003254   0x00003254   0x0000000c   Code   RO          443    .text.dump_ecc_reg  crypto.o
    0x00003260   0x00003260   0x00000240   Code   RO          389    .text.ecc_init_curve  crypto.o
    0x000034a0   0x000034a0   0x0000000e   Code   RO          131    .text.fgetc         retarget.o
    0x000034ae   0x000034ae   0x00000014   Code   RO          129    .text.fputc         retarget.o
    0x000034c2   0x000034c2   0x00000002   PAD
    0x000034c4   0x000034c4   0x00000020   Code   RO          439    .text.get_Nth_nibble_char  crypto.o
    0x000034e4   0x000034e4   0x00000068   Code   RO          383    .text.get_curve     crypto.o
    0x0000354c   0x0000354c   0x00000104   Code   RO          100    .text.hmac          cdi.o
    0x00003650   0x00003650   0x00000188   Code   RO           51    .text.main          main.o
    0x000037d8   0x000037d8   0x0000012c   Code   RO          405    .text.run_ecc_codec  crypto.o
    0x00003904   0x00003904   0x00000020   Code   RO          516    i.__0printf         mc_p.l(printfa.o)
    0x00003924   0x00003924   0x0000002e   Code   RO          594    i.__ARM_clz         mf_p.l(depilogue.o)
    0x00003952   0x00003952   0x0000000e   Code   RO          599    i.__scatterload_copy  mc_p.l(handlers.o)
    0x00003960   0x00003960   0x00000002   Code   RO          600    i.__scatterload_null  mc_p.l(handlers.o)
    0x00003962   0x00003962   0x0000000e   Code   RO          601    i.__scatterload_zeroinit  mc_p.l(handlers.o)
    0x00003970   0x00003970   0x00000174   Code   RO          523    i._fp_digits        mc_p.l(printfa.o)
    0x00003ae4   0x00003ae4   0x000006ec   Code   RO          524    i._printf_core      mc_p.l(printfa.o)
    0x000041d0   0x000041d0   0x00000020   Code   RO          525    i._printf_post_padding  mc_p.l(printfa.o)
    0x000041f0   0x000041f0   0x0000002c   Code   RO          526    i._printf_pre_padding  mc_p.l(printfa.o)
    0x0000421c   0x0000421c   0x00000008   Code   RO          498    i.getc              mc_p.l(getc.o)
    0x00004224   0x00004224   0x00000015   Data   RO          138    .rodata..L__const.ProcessHardFault.info  retarget.o
    0x00004239   0x00004239   0x00000003   PAD
    0x0000423c   0x0000423c   0x00000054   Data   RO          137    .rodata..L__const.ProcessHardFault.ipname  retarget.o
    0x00004290   0x00004290   0x00000030   Data   RO          136    .rodata..L__const.ProcessHardFault.master  retarget.o
    0x000042c0   0x000042c0   0x00000015   Data   RO           35    .rodata..L__const.SCU_IRQHandler.info  system_m2354.o
    0x000042d5   0x000042d5   0x00000003   PAD
    0x000042d8   0x000042d8   0x00000054   Data   RO           34    .rodata..L__const.SCU_IRQHandler.ipname  system_m2354.o
    0x0000432c   0x0000432c   0x00000030   Data   RO           33    .rodata..L__const.SCU_IRQHandler.master  system_m2354.o
    0x0000435c   0x0000435c   0x0000569c   Data   RO          455    .rodata._Curve      crypto.o
    0x000099f8   0x000099f8   0x00000020   Data   RO          245    .rodata.cst32       clk.o
    0x00009a18   0x00009a18   0x00000060   Data   RO          285    .rodata.cst32       uart.o
    0x00009a78   0x00009a78   0x000000a0   Data   RO           61    .rodata.g_au32ROTPK  main.o
    0x00009b18   0x00009b18   0x000000b2   Data   RO           32    .rodata.str1.1      system_m2354.o
    0x00009bca   0x00009bca   0x000002bb   Data   RO           64    .rodata.str1.1      main.o
    0x00009e85   0x00009e85   0x00000162   Data   RO          135    .rodata.str1.1      retarget.o
    0x00009fe7   0x00009fe7   0x00000057   Data   RO          449    .rodata.str1.1      crypto.o
    0x0000a03e   0x0000a03e   0x00000002   PAD
    0x0000a040   0x0000a040   0x00000020   Data   RO          597    Region$$Table       anon$$obj.o
    0x0000a060   0x0000a060   0x00000008   Data   RO           90    .ARM.exidx.text.BytesSwap  verifynubl3x.o


    Execution Region NSC_ROM (Exec base: 0x0000a080, Load base: 0x0000a080, Size: 0x00000060, Max: 0xffffffff, ABSOLUTE)

    Exec Addr    Load Addr    Size         Type   Attr      Idx    E Section Name        Object

    0x0000a080   0x0000a080   0x00000060   Code   XO          598    Veneer$$CMSE        anon$$obj.o


    Execution Region RAM (Exec base: 0x20000000, Load base: 0x0000a0e0, Size: 0x00001eac, Max: 0xffffffff, ABSOLUTE)

    Exec Addr    Load Addr    Size         Type   Attr      Idx    E Section Name        Object

    0x20000000   0x0000a0e0   0x00000004   Data   RW           30    .data.CyclesPerUs   system_m2354.o
    0x20000004   0x0000a0e4   0x00000004   Data   RW           31    .data.PllClock      system_m2354.o
    0x20000008   0x0000a0e8   0x00000004   Data   RW           29    .data.SystemCoreClock  system_m2354.o
    0x2000000c   0x0000a0ec   0x00000011   Data   RW          454    .data.hex_char_tbl  crypto.o
    0x2000001d   0x0000a0fd   0x00000003   PAD
    0x20000020        -       0x00001800   Zero   RW            1    .STACK              nubl2_startup.o
    0x20001820        -       0x000003c4   Zero   RW          456    .bss.Curve_Copy     crypto.o
    0x20001be4        -       0x00000054   Zero   RW          140    .bss.__stdin        retarget.o
    0x20001c38        -       0x00000054   Zero   RW          139    .bss.__stdout       retarget.o
    0x20001c8c        -       0x00000004   Zero   RW          447    .bss.g_ECCERR_done  crypto.o
    0x20001c90        -       0x00000004   Zero   RW          446    .bss.g_ECC_done     crypto.o
    0x20001c94        -       0x00000004   Zero   RW          335    .bss.g_FMC_i32ErrCode  fmc.o
    0x20001c98        -       0x00000170   Zero   RW           63    .bss.g_NuBL3xFwInfo  main.o
    0x20001e08        -       0x00000004   Zero   RW          448    .bss.pCurve         crypto.o
    0x20001e0c        -       0x000000a0   Zero   RW          450    .bss.temp_hex_str   crypto.o



  Load Region NUBL2_INFO (Base: 0x00018000, Size: 0x00000170, Max: 0xffffffff, ABSOLUTE)

    Execution Region FwInfo.bin (Exec base: 0x00018000, Load base: 0x00018000, Size: 0x00000170, Max: 0xffffffff, ABSOLUTE)

    Exec Addr    Load Addr    Size         Type   Attr      Idx    E Section Name        Object

    0x00018000   0x00018000   0x00000000   Code   RO           72    .text               fwinfo.o
    0x00018000   0x00018000   0x00000170   Data   RO           73    .rodata.g_InitialFWInfo  fwinfo.o


==============================================================================

Image component sizes


      Code (inc. data)   RO Data    RW Data    ZI Data      Debug   Object Name

       344         28          0          0          0       3463   cdi.o
      2764        268         32          0          0      12626   clk.o
      2984        116      22259         17       1136      27724   crypto.o
       276         28          0          0          4       9618   fmc.o
         0          0        368          0          0        506   fwinfo.o
       744         36          0          0          0       4825   keystore.o
      1524        208        859          0        368      10735   main.o
       104         30        528          0       6144        816   nubl2_startup.o
      1056         88        507          0        168       7184   retarget.o
        80          8          0          0          0       5418   sys.o
      1068        228        331         12          0       9936   system_m2354.o
       600         80         96          0          0       5565   uart.o
       940         48          8          0          0       7689   verifynubl3x.o

    ----------------------------------------------------------------------
     12584       1166      25028         32       7820     106105   Object Totals
        96          0         32          0          0          0   (incl. Generated)
         4          0          8          3          0          0   (incl. Padding)

    ----------------------------------------------------------------------

      Code (inc. data)   RO Data    RW Data    ZI Data      Debug   Library Member Name

         0          0          0          0          0          0   entry.o
         0          0          0          0          0          0   entry10a.o
         0          0          0          0          0          0   entry11a.o
         8          4          0          0          0          0   entry2.o
         4          0          0          0          0          0   entry5.o
         0          0          0          0          0          0   entry7b.o
         0          0          0          0          0          0   entry8b.o
         8          4          0          0          0          0   entry9a.o
         8          0          0          0          0         68   getc.o
        30          0          0          0          0          0   handlers.o
        36          8          0          0          0         68   init.o
         0          0          0          0          0          0   iusefp.o
        32          0          0          0          0         68   llshl.o
        38          0          0          0          0         68   llsshr.o
        34          0          0          0          0         68   llushr.o
        26          0          0          0          0         72   memcmp.o
        36          0          0          0          0         60   memcpya.o
        36          0          0          0          0        100   memseta.o
      2252         98          0          0          0        412   printfa.o
        38          0          0          0          0         76   strcasecmp.o
        14          0          0          0          0         60   strlen.o
        12          0          0          0          0         60   tolower.o
        62          0          0          0          0         72   uidiv_div0.o
        96          0          0          0          0         84   uldiv.o
        40          2          0          0          0         68   cdrcmple.o
       356          4          0          0          0        140   dadd.o
       240          6          0          0          0         84   ddiv.o
       236          0          0          0          0        216   depilogue.o
        64         10          0          0          0         68   dfixul.o
       208          6          0          0          0         88   dmul.o

    ----------------------------------------------------------------------
      3916        142          0          0          0       2000   Library Totals
         2          0          0          0          0          0   (incl. Padding)

    ----------------------------------------------------------------------

      Code (inc. data)   RO Data    RW Data    ZI Data      Debug   Library Name

      2770        114          0          0          0       1336   mc_p.l
      1144         28          0          0          0        664   mf_p.l

    ----------------------------------------------------------------------
      3916        142          0          0          0       2000   Library Totals

    ----------------------------------------------------------------------

==============================================================================


      Code (inc. data)   RO Data    RW Data    ZI Data      Debug   

     16500       1308      25028         32       7820     107125   Grand Totals
     16500       1308      25028         32       7820     107125   ELF Image Totals
     16500       1308      25028         32          0          0   ROM Totals

==============================================================================

    Total RO  Size (Code + RO Data)                41528 (  40.55kB)
    Total RW  Size (RW Data + ZI Data)              7852 (   7.67kB)
    Total ROM Size (Code + RO Data + RW Data)      41560 (  40.59kB)

==============================================================================

