<html>
<body>
<pre>
<h1>µVision Build Log</h1>
<h2>Tool Versions:</h2>
IDE-Version: µVision V5.38.0.0
Copyright (C) 2022 ARM Ltd and ARM Germany GmbH. All rights reserved.
License Information: WH Huang
Nuvoton
User-based license: Keil MDK Nuvoton Edition - Full Cortex-M
Valid until: Sep 27 2034. Cached until: Feb 20 2025
 
Tool Versions:
Toolchain:       Keil MDK Nuvoton Edition - Full Cortex-M  Version: 5.38.0.0
Toolchain Path:  C:\Keil_v538\ARM\ARMCLANG\Bin
C Compiler:      ArmClang.exe V6.19
Assembler:       Armasm.exe V6.19
Linker/Locator:  ArmLink.exe V6.19
Library Manager: ArmAr.exe V6.19
Hex Converter:   FromElf.exe V6.19
CPU DLL:         
Dialog DLL:      
Target DLL:      NULink\Nu_Link.dll V3.16
Dialog DLL:      TCM.DLL V1.56.4.0
 
<h2>Project:</h2>
C:\[git]\M2354\SampleCode\SecureApplication\SecureBootDemo_P521\NuBL32\Keil\NuBL32.uvprojx
Project File Date:  02/13/2025

<h2>Output:</h2>
*** Using Compiler 'V6.19', folder: 'C:\Keil_v538\ARM\ARMCLANG\Bin'
Rebuild Project 'NuBL32' - Target 'NuBL32'
assembling startup_M2354.s...
compiling main.c...
compiling system_M2354.c...
compiling uart.c...
compiling sys.c...
compiling FwInfo.c...
compiling clk.c...
compiling retarget.c...
linking...
Program Size: Code=9784 RO-data=2092 RW-data=12 ZI-data=6232  
After Build - User command #1: fromelf --bin ".\obj\NuBL32.axf" --output ".\NuBL32"
After Build - User command #2: FwSign NuBL32\NuBL32.bin NuBL32\FwInfo.bin 0x38000
Pub Key1: 001d612eef7eaafc42c3f6af6419f61e5d57a636878c2040a4a7deed4d3f18fac9b6d799ee66928da92e33415b4be3b5388dc0d0f3d62c94376b610ab42e4d5bb2ea
Pub Key2: 019b36ac5f57ee276108f81f21c07673f895ff94f97852f83ff3e52663567623cc077ada6166aeb802de58f3d7313f1af9b0616990fd7a92fd405dd37927c28f65eb
Firmware: NuBL32\NuBL32.bin
FW Base : 0x20000
FW Size : 11536
FW Hash : 4889b6db6983831897de0898ed235382cc4ba8ed0a50207ea5cf1e5aa8040ab381bd1cd779821f31b84705252f3492f464854af2d6573df51ec5a63f6ecad5f1
FIB Hash: fca808e30aac07b71a74c8a6d474789a2898e190afd374ecf78257b4e9093a3e27d3a5ae99ecb8e54a757ba01dc24ce32e4c4311ee446adacf13f9ff4f1290fc
R       : 01b09c76dd426c1520222826adbc7ac6d097bf853fe7020b7e1c9d4e5e68a06bb8f3c93e23536f86ababdac0a4367820b4f374b423116d4f42608944cf42e7c10f77
S       : 00b1b904f92ff8c3c0f10969b091748bcaba9828303ad0dbdbf46798a94865121480b908f527515a1d866b769af3ae4e3dca385235c456bd2e320957b63a7daf8d87
Pub Hash: 783a30bdddac65af615136bc2d59cd2d9413ff5014fef2a829ff195ed1e03609684f31c939b197556157468c76e3f29cbe7efbb0edf7a022ca45e4ac11f56ea4
FW info raw data of FIB hash : 
0000001d612eef7eaafc42c3f6af6419f61e5d57a636878c2040a4a7deed4d3f18fac9b6d799ee66928da92e33415b4be3b5388dc0d0f3d62c94376b610ab42e4d5bb2ea0000019b36ac5f57ee276108f81f21c07673f895ff94f97852f83ff3e52663567623cc077ada6166aeb802de58f3d7313f1af9b0616990fd7a92fd405dd37927c28f65eb010000000800000000000200102d00000c0000001312252011110000333322224889b6db6983831897de0898ed235382cc4ba8ed0a50207ea5cf1e5aa8040ab381bd1cd779821f31b84705252f3492f464854af2d6573df51ec5a63f6ecad5f1
".\obj\NuBL32.axf" - 0 Error(s), 0 Warning(s).

<h2>Software Packages used:</h2>

Package Vendor: Nuvoton
                https://github.com/OpenNuvoton/cmsis-packs/raw/master/Nuvoton_DFP/Nuvoton.NuMicro_DFP.1.3.25.pack
                Nuvoton.NuMicro_DFP.1.3.25
                Nuvoton ARM Cortex-M NuMicro Family Device Support

<h2>Collection of Component include folders:</h2>
  C:/Users/whhuang1/AppData/Local/Arm/Packs/Nuvoton/NuMicro_DFP/1.3.25/Device/M2354/Include

<h2>Collection of Component Files used:</h2>
Build Time Elapsed:  00:00:04
</pre>
</body>
</html>
